 
****************************************
Report : area
Design : SYS_TOP
Version: K-2015.06
Date   : Thu Oct  9 21:44:09 2025
****************************************

Library(s) Used:

    scmetro_tsmc_cl013g_rvt_ss_1p08v_125c (File: /home/IC/Projects/System/std_cells/scmetro_tsmc_cl013g_rvt_ss_1p08v_125c.db)

Number of ports:                          776
Number of nets:                          2791
Number of cells:                         1993
Number of combinational cells:           1502
Number of sequential cells:               449
Number of macros/black boxes:               0
Number of buf/inv:                        274
Number of references:                      15

Combinational area:              14365.153855
Buf/Inv area:                     1027.259123
Noncombinational area:           11078.630367
Macro/Black Box area:                0.000000
Net Interconnect area:      undefined  (No wire load specified)

Total cell area:                 25443.784222
Total area:                 undefined

Hierarchical area distribution
------------------------------

                                  Global cell area            Local cell area
                                  -------------------  ------------------------------ 
Hierarchical cell                 Absolute    Percent  Combi-      Noncombi-   Black-
                                  Total       Total    national    national    boxes   Design
--------------------------------  ----------  -------  ----------  ----------  ------  ------------------------------------------------
SYS_TOP                           25443.7842    100.0      8.2369      0.0000  0.0000  SYS_TOP
ALU_SYS_TOP                        5563.4376     21.9   1244.9486    258.8740  0.0000  ALU_DATA_WIDTH8
ALU_SYS_TOP/add_50                  235.3400      0.9    235.3400      0.0000  0.0000  ALU_DATA_WIDTH8_DW01_add_0
ALU_SYS_TOP/div_62                 1437.9274      5.7   1437.9274      0.0000  0.0000  ALU_DATA_WIDTH8_DW_div_uns_0
ALU_SYS_TOP/mult_58                2120.4134      8.3   1914.4909      0.0000  0.0000  ALU_DATA_WIDTH8_DW02_mult_0
ALU_SYS_TOP/mult_58/FS_1            205.9225      0.8    205.9225      0.0000  0.0000  ALU_DATA_WIDTH8_DW01_add_1
ALU_SYS_TOP/sub_54                  265.9342      1.0    265.9342      0.0000  0.0000  ALU_DATA_WIDTH8_DW01_sub_0
ASYNC_FIFO_SYS_TOP                 6922.5261     27.2      7.0602      0.0000  0.0000  ASYNC_FIFO_DATA_WIDTH8_ADDR_WIDTH4_NUM_OF_STAGE2
ASYNC_FIFO_SYS_TOP/FIFO_MEM_CNTRL_TOP
                                   5764.6533     22.7   2451.0662   3313.5872  0.0000  FIFO_MEM_CNTRL_ADDR_WIDTH4_DATA_WIDTH8
ASYNC_FIFO_SYS_TOP/FIFO_RD_TOP      368.3071      1.4    160.0312    208.2759  0.0000  FIFO_RD_P_SIZE4
ASYNC_FIFO_SYS_TOP/FIFO_WR_TOP      368.3071      1.4    160.0312    208.2759  0.0000  FIFO_WR_P_SIZE4
ASYNC_FIFO_SYS_TOP/bit_sync_r2w_TOP
                                    207.0992      0.8      0.0000    207.0992  0.0000  df_sync_BUS_WIDTH4_1
ASYNC_FIFO_SYS_TOP/bit_sync_w2r_TOP
                                    207.0992      0.8      0.0000    207.0992  0.0000  df_sync_BUS_WIDTH4_0
CLK_DIV_RX                         1007.2552      4.0    345.9498    388.3110  0.0000  CLK_DIV_1
CLK_DIV_RX/add_49                    91.7826      0.4     91.7826      0.0000  0.0000  CLK_DIV_1_DW01_inc_0
CLK_DIV_RX/sub_30                   181.2118      0.7    181.2118      0.0000  0.0000  CLK_DIV_1_DW01_sub_0
CLK_DIV_TX                         1007.2552      4.0    345.9498    388.3110  0.0000  CLK_DIV_0
CLK_DIV_TX/add_49                    91.7826      0.4     91.7826      0.0000  0.0000  CLK_DIV_0_DW01_inc_0
CLK_DIV_TX/sub_30                   181.2118      0.7    181.2118      0.0000  0.0000  CLK_DIV_0_DW01_sub_0
Clock_gating_SYS_TOP                 40.0078      0.2      0.0000     40.0078  0.0000  Clock_gating
DATA_SYNC_SYS_TOP                   635.4180      2.5     85.8991    440.0858  0.0000  DATA_SYNC_BUS_WIDTH8_NUM_OF_STAGE2
DATA_SYNC_SYS_TOP/bit_sync_TOP       77.6622      0.3      0.0000     77.6622  0.0000  bit_sync_BUS_WIDTH8_NUM_OF_STAGE2
DATA_SYNC_SYS_TOP/pulse_gen_TOP      31.7709      0.1      5.8835     25.8874  0.0000  pulse_gen_1
Pre_RX                               37.6544      0.1     37.6544      0.0000  0.0000  Prescale_DATA_WIDTH8
RST_SYNC_ASYNC_FIFO                  51.7748      0.2      0.0000     51.7748  0.0000  RST_SYNC_NUM_OF_STAGE2_1
RST_SYNC_REG_FILE                    51.7748      0.2      0.0000     51.7748  0.0000  RST_SYNC_NUM_OF_STAGE2_0
Reg_File_SYS_TOP                   6085.8924     23.9   2539.3187   3546.5738  0.0000  Reg_File_DATA_WIDTH8_ADDR_WIDTH4_DEPTH16
SYS_CTRL_SYS_TOP                   1007.2552      4.0    748.3812    258.8740  0.0000  SYS_CTRL_DATA_WIDTH8_ADDR_WIDTH4
UART_SYS_TOP                       2993.5248     11.8      0.0000      0.0000  0.0000  UART_DATA_WIDTH8
UART_SYS_TOP/UART_TOP_RX           1761.5199      6.9      7.0602      0.0000  0.0000  UART_RX_DATA_WIDTH8
UART_SYS_TOP/UART_TOP_RX/DATA_SAMPLE_TOP
                                    373.0139      1.5    267.1109    105.9030  0.0000  data_sampling
UART_SYS_TOP/UART_TOP_RX/DESERIALIZER_TOP
                                    353.0100      1.4    145.9108    207.0992  0.0000  deserializer_WIDTH8
UART_SYS_TOP/UART_TOP_RX/EDGE_BIT_COUNTER_TOP
                                    514.2179      2.0    276.5245    237.6934  0.0000  edge_bit_counter
UART_SYS_TOP/UART_TOP_RX/FSM_UART_RX_TOP
                                    308.2954      1.2    229.4565     78.8389  0.0000  FSM_UART_RX
UART_SYS_TOP/UART_TOP_RX/PARITY_CHECK_TOP
                                    136.4972      0.5    110.6098     25.8874  0.0000  PARITY_CHECK_WIDTH8
UART_SYS_TOP/UART_TOP_RX/START_CHECK_TOP
                                     31.7709      0.1      5.8835     25.8874  0.0000  START_CHECK
UART_SYS_TOP/UART_TOP_RX/STOP_CHECK_TOP
                                     37.6544      0.1     11.7670     25.8874  0.0000  STOP_CHECK
UART_SYS_TOP/UART_TOP_TX           1232.0049      4.8      7.0602      0.0000  0.0000  UART_TX_DATA_WIDTH8
UART_SYS_TOP/UART_TOP_TX/FSM_UART_TX_TOP
                                    204.7458      0.8    127.0836     77.6622  0.0000  FSM_UART_TX
UART_SYS_TOP/UART_TOP_TX/MUX_TOP     34.1243      0.1     34.1243      0.0000  0.0000  MUX
UART_SYS_TOP/UART_TOP_TX/Parity_Calc_TOP
                                    431.8489      1.7    198.8623    232.9866  0.0000  Parity_Calc
UART_SYS_TOP/UART_TOP_TX/serializer_TOP
                                    554.2257      2.2    191.8021    362.4236  0.0000  serializer
pulse_gen_SYS_TOP                    31.7709      0.1      5.8835     25.8874  0.0000  pulse_gen_0
--------------------------------  ----------  -------  ----------  ----------  ------  ------------------------------------------------
Total                                                  14365.1539  11078.6304  0.0000

1
