 
****************************************
Report : clocks
Design : SYS_TOP
Version: K-2015.06
Date   : Thu Oct  9 21:44:10 2025
****************************************

Attributes:
    d - dont_touch_network
    f - fix_hold
    p - propagated_clock
    G - generated_clock
    g - lib_generated_clock

Clock          Period   Waveform            Attrs     Sources
--------------------------------------------------------------------------------
ALU_CLK         20.00   {0 10}              G d       {Clock_gating_SYS_TOP/GATED_CLK}
REF_CLK         20.00   {0 10}              d         {REF_CLK}
UART_CLK       271.27   {0 135.635}         d         {UART_CLK}
UART_RX_CLK    271.27   {0 135.635}         G d       {CLK_DIV_RX/o_div_clk}
UART_TX_CLK   8680.64   {0 4340.32}         G d       {CLK_DIV_TX/o_div_clk}
--------------------------------------------------------------------------------

Generated     Master         Generated      Master         Waveform
Clock         Source         Source         Clock          Modification
--------------------------------------------------------------------------------
ALU_CLK       REF_CLK        {Clock_gating_SYS_TOP/GATED_CLK}
                                            REF_CLK        divide_by(1)
UART_RX_CLK   UART_CLK       {CLK_DIV_RX/o_div_clk}
                                            UART_CLK       divide_by(1)
UART_TX_CLK   UART_CLK       {CLK_DIV_TX/o_div_clk}
                                            UART_CLK       divide_by(32)
--------------------------------------------------------------------------------
1
