/home/IC/Projects/System/RTL/UART/data_sampling.v
/home/IC/Projects/System/RTL/UART/deserializer.v
/home/IC/Projects/System/RTL/UART/edge_bit_counter.v
/home/IC/Projects/System/RTL/UART/FSM_UART_RX.v
/home/IC/Projects/System/RTL/UART/FSM_UART_TX.v
/home/IC/Projects/System/RTL/UART/UART.v
/home/IC/Projects/System/RTL/UART/MUX.v
/home/IC/Projects/System/RTL/UART/Parity_Calc.v
/home/IC/Projects/System/RTL/UART/PARITY_CHECK.v
/home/IC/Projects/System/RTL/UART/serializer.v
/home/IC/Projects/System/RTL/UART/STOP_CHECK.v
/home/IC/Projects/System/RTL/UART/START_CHECK.v
/home/IC/Projects/System/RTL/UART/UART_RX.v
/home/IC/Projects/System/RTL/UART/UART_TX.v
/home/IC/Projects/System/RTL/RST_SYNC/RST_SYNC.v
/home/IC/Projects/System/RTL/PULS_GEN/puls_gen.v
/home/IC/Projects/System/RTL/REG_FILE/Reg_File.v
/home/IC/Projects/System/RTL/DATA_SYNC/bit_sync.v
/home/IC/Projects/System/RTL/DATA_SYNC/DATA_SYNC.v
/home/IC/Projects/System/RTL/Clock_gating/Clock_gating.v
/home/IC/Projects/System/RTL/CLOCK_DIV/CLK_DIV.v
/home/IC/Projects/System/RTL/ASYNC_FIFO/FIFO_WR.v
/home/IC/Projects/System/RTL/ASYNC_FIFO/FIFO_RD.v
/home/IC/Projects/System/RTL/ASYNC_FIFO/FIFO_MEM_CNTRL.v
/home/IC/Projects/System/RTL/ASYNC_FIFO/df_sync.v
/home/IC/Projects/System/RTL/ASYNC_FIFO/ASYNC_FIFO.v
/home/IC/Projects/System/RTL/ALU/ALU.v
/home/IC/Projects/System/RTL/Prescale/Prescale.v
/home/IC/Projects/System/RTL/SYS_CTRL/SYS_CTRL.v
/home/IC/Projects/System/RTL/SYS_TOP.v
