Info:  Net i:/WORK/CLK_DIV_0_DW01_sub_0/CO is undriven.
Info:  Net i:/WORK/CLK_DIV_1_DW01_sub_0/CO is undriven.
Info:  Net i:/WORK/ALU_DATA_WIDTH8_DW_div_uns_0/remainder[7] is undriven.
Info:  Net i:/WORK/ALU_DATA_WIDTH8_DW_div_uns_0/remainder[6] is undriven.
Info:  Net i:/WORK/ALU_DATA_WIDTH8_DW_div_uns_0/remainder[5] is undriven.
Info:  Net i:/WORK/ALU_DATA_WIDTH8_DW_div_uns_0/remainder[4] is undriven.
Info:  Net i:/WORK/ALU_DATA_WIDTH8_DW_div_uns_0/remainder[3] is undriven.
Info:  Net i:/WORK/ALU_DATA_WIDTH8_DW_div_uns_0/remainder[2] is undriven.
Info:  Net i:/WORK/ALU_DATA_WIDTH8_DW_div_uns_0/remainder[1] is undriven.
Info:  Net i:/WORK/ALU_DATA_WIDTH8_DW_div_uns_0/remainder[0] is undriven.
Info:  Net i:/WORK/ALU_DATA_WIDTH8_DW_div_uns_0/divide_by_0 is undriven.
Info:  Net i:/WORK/ALU_DATA_WIDTH8_DW01_sub_0/CO is undriven.
Info:  Net i:/WORK/ALU_DATA_WIDTH8_DW01_add_0/CO is undriven.
Info:  Net i:/WORK/ALU_DATA_WIDTH8_DW01_add_1/CO is undriven.
Info:  guide_uniquify 86 (Line: 599)  Cannot find object "CLK_DIV_RX/U11" in design 'SYS_TOP'.
Info:  SVF Operation 86 (Line: 599) - uniquify.  Status: rejected
Info:  guide_uniquify 86 (Line: 599)  Cannot find object "CLK_DIV_TX/U11" in design 'SYS_TOP'.
Info:  guide_uniquify 94 (Line: 641)  Cannot find object "ALU_SYS_TOP/dp_cluster_0/mult_58" in design 'SYS_TOP'.
Info:  Pre-verification of r:/WORK/ALU_DATA_WIDTH8/div_62 SUCCEEDED.
Info:  Pre-verification of r:/WORK/ALU_DATA_WIDTH8/mult_58 SUCCEEDED.
