**************************************************
Report         : passing_points

Reference      : r:/WORK/SYS_TOP
Implementation : i:/WORK/SYS_TOP
Version        : L-2016.03-SP1
Date           : Thu Oct  9 21:47:44 2025
**************************************************

363 Passing compare points:

  Ref  LAT        r:/WORK/SYS_TOP/Clock_gating_SYS_TOP/U0_TLATNCAX12M
  Impl LAT        i:/WORK/SYS_TOP/Clock_gating_SYS_TOP/U0_TLATNCAX12M

  Ref  DFF        r:/WORK/SYS_TOP/ALU_SYS_TOP/ALU_OUT_reg[0]
  Impl DFF        i:/WORK/SYS_TOP/ALU_SYS_TOP/ALU_OUT_reg[0]

  Ref  DFF        r:/WORK/SYS_TOP/ALU_SYS_TOP/ALU_OUT_reg[1]
  Impl DFF        i:/WORK/SYS_TOP/ALU_SYS_TOP/ALU_OUT_reg[1]

  Ref  DFF        r:/WORK/SYS_TOP/ALU_SYS_TOP/ALU_OUT_reg[2]
  Impl DFF        i:/WORK/SYS_TOP/ALU_SYS_TOP/ALU_OUT_reg[2]

  Ref  DFF        r:/WORK/SYS_TOP/ALU_SYS_TOP/ALU_OUT_reg[3]
  Impl DFF        i:/WORK/SYS_TOP/ALU_SYS_TOP/ALU_OUT_reg[3]

  Ref  DFF        r:/WORK/SYS_TOP/ALU_SYS_TOP/ALU_OUT_reg[4]
  Impl DFF        i:/WORK/SYS_TOP/ALU_SYS_TOP/ALU_OUT_reg[4]

  Ref  DFF        r:/WORK/SYS_TOP/ALU_SYS_TOP/ALU_OUT_reg[5]
  Impl DFF        i:/WORK/SYS_TOP/ALU_SYS_TOP/ALU_OUT_reg[5]

  Ref  DFF        r:/WORK/SYS_TOP/ALU_SYS_TOP/ALU_OUT_reg[6]
  Impl DFF        i:/WORK/SYS_TOP/ALU_SYS_TOP/ALU_OUT_reg[6]

  Ref  DFF        r:/WORK/SYS_TOP/ALU_SYS_TOP/ALU_OUT_reg[7]
  Impl DFF        i:/WORK/SYS_TOP/ALU_SYS_TOP/ALU_OUT_reg[7]

  Ref  DFF        r:/WORK/SYS_TOP/ALU_SYS_TOP/OUT_VALID_reg
  Impl DFF        i:/WORK/SYS_TOP/ALU_SYS_TOP/OUT_VALID_reg_inst

  Ref  DFF        r:/WORK/SYS_TOP/ALU_SYS_TOP/counter_reg
  Impl DFF        i:/WORK/SYS_TOP/ALU_SYS_TOP/counter_reg

  Ref  DFF        r:/WORK/SYS_TOP/ASYNC_FIFO_SYS_TOP/FIFO_MEM_CNTRL_TOP/FIFO_MEM_reg[0][0]
  Impl DFF        i:/WORK/SYS_TOP/ASYNC_FIFO_SYS_TOP/FIFO_MEM_CNTRL_TOP/FIFO_MEM_reg[0][0]

  Ref  DFF        r:/WORK/SYS_TOP/ASYNC_FIFO_SYS_TOP/FIFO_MEM_CNTRL_TOP/FIFO_MEM_reg[0][1]
  Impl DFF        i:/WORK/SYS_TOP/ASYNC_FIFO_SYS_TOP/FIFO_MEM_CNTRL_TOP/FIFO_MEM_reg[0][1]

  Ref  DFF        r:/WORK/SYS_TOP/ASYNC_FIFO_SYS_TOP/FIFO_MEM_CNTRL_TOP/FIFO_MEM_reg[0][2]
  Impl DFF        i:/WORK/SYS_TOP/ASYNC_FIFO_SYS_TOP/FIFO_MEM_CNTRL_TOP/FIFO_MEM_reg[0][2]

  Ref  DFF        r:/WORK/SYS_TOP/ASYNC_FIFO_SYS_TOP/FIFO_MEM_CNTRL_TOP/FIFO_MEM_reg[0][3]
  Impl DFF        i:/WORK/SYS_TOP/ASYNC_FIFO_SYS_TOP/FIFO_MEM_CNTRL_TOP/FIFO_MEM_reg[0][3]

  Ref  DFF        r:/WORK/SYS_TOP/ASYNC_FIFO_SYS_TOP/FIFO_MEM_CNTRL_TOP/FIFO_MEM_reg[0][4]
  Impl DFF        i:/WORK/SYS_TOP/ASYNC_FIFO_SYS_TOP/FIFO_MEM_CNTRL_TOP/FIFO_MEM_reg[0][4]

  Ref  DFF        r:/WORK/SYS_TOP/ASYNC_FIFO_SYS_TOP/FIFO_MEM_CNTRL_TOP/FIFO_MEM_reg[0][5]
  Impl DFF        i:/WORK/SYS_TOP/ASYNC_FIFO_SYS_TOP/FIFO_MEM_CNTRL_TOP/FIFO_MEM_reg[0][5]

  Ref  DFF        r:/WORK/SYS_TOP/ASYNC_FIFO_SYS_TOP/FIFO_MEM_CNTRL_TOP/FIFO_MEM_reg[0][6]
  Impl DFF        i:/WORK/SYS_TOP/ASYNC_FIFO_SYS_TOP/FIFO_MEM_CNTRL_TOP/FIFO_MEM_reg[0][6]

  Ref  DFF        r:/WORK/SYS_TOP/ASYNC_FIFO_SYS_TOP/FIFO_MEM_CNTRL_TOP/FIFO_MEM_reg[0][7]
  Impl DFF        i:/WORK/SYS_TOP/ASYNC_FIFO_SYS_TOP/FIFO_MEM_CNTRL_TOP/FIFO_MEM_reg[0][7]

  Ref  DFF        r:/WORK/SYS_TOP/ASYNC_FIFO_SYS_TOP/FIFO_MEM_CNTRL_TOP/FIFO_MEM_reg[1][0]
  Impl DFF        i:/WORK/SYS_TOP/ASYNC_FIFO_SYS_TOP/FIFO_MEM_CNTRL_TOP/FIFO_MEM_reg[1][0]

  Ref  DFF        r:/WORK/SYS_TOP/ASYNC_FIFO_SYS_TOP/FIFO_MEM_CNTRL_TOP/FIFO_MEM_reg[1][1]
  Impl DFF        i:/WORK/SYS_TOP/ASYNC_FIFO_SYS_TOP/FIFO_MEM_CNTRL_TOP/FIFO_MEM_reg[1][1]

  Ref  DFF        r:/WORK/SYS_TOP/ASYNC_FIFO_SYS_TOP/FIFO_MEM_CNTRL_TOP/FIFO_MEM_reg[1][2]
  Impl DFF        i:/WORK/SYS_TOP/ASYNC_FIFO_SYS_TOP/FIFO_MEM_CNTRL_TOP/FIFO_MEM_reg[1][2]

  Ref  DFF        r:/WORK/SYS_TOP/ASYNC_FIFO_SYS_TOP/FIFO_MEM_CNTRL_TOP/FIFO_MEM_reg[1][3]
  Impl DFF        i:/WORK/SYS_TOP/ASYNC_FIFO_SYS_TOP/FIFO_MEM_CNTRL_TOP/FIFO_MEM_reg[1][3]

  Ref  DFF        r:/WORK/SYS_TOP/ASYNC_FIFO_SYS_TOP/FIFO_MEM_CNTRL_TOP/FIFO_MEM_reg[1][4]
  Impl DFF        i:/WORK/SYS_TOP/ASYNC_FIFO_SYS_TOP/FIFO_MEM_CNTRL_TOP/FIFO_MEM_reg[1][4]

  Ref  DFF        r:/WORK/SYS_TOP/ASYNC_FIFO_SYS_TOP/FIFO_MEM_CNTRL_TOP/FIFO_MEM_reg[1][5]
  Impl DFF        i:/WORK/SYS_TOP/ASYNC_FIFO_SYS_TOP/FIFO_MEM_CNTRL_TOP/FIFO_MEM_reg[1][5]

  Ref  DFF        r:/WORK/SYS_TOP/ASYNC_FIFO_SYS_TOP/FIFO_MEM_CNTRL_TOP/FIFO_MEM_reg[1][6]
  Impl DFF        i:/WORK/SYS_TOP/ASYNC_FIFO_SYS_TOP/FIFO_MEM_CNTRL_TOP/FIFO_MEM_reg[1][6]

  Ref  DFF        r:/WORK/SYS_TOP/ASYNC_FIFO_SYS_TOP/FIFO_MEM_CNTRL_TOP/FIFO_MEM_reg[1][7]
  Impl DFF        i:/WORK/SYS_TOP/ASYNC_FIFO_SYS_TOP/FIFO_MEM_CNTRL_TOP/FIFO_MEM_reg[1][7]

  Ref  DFF        r:/WORK/SYS_TOP/ASYNC_FIFO_SYS_TOP/FIFO_MEM_CNTRL_TOP/FIFO_MEM_reg[2][0]
  Impl DFF        i:/WORK/SYS_TOP/ASYNC_FIFO_SYS_TOP/FIFO_MEM_CNTRL_TOP/FIFO_MEM_reg[2][0]

  Ref  DFF        r:/WORK/SYS_TOP/ASYNC_FIFO_SYS_TOP/FIFO_MEM_CNTRL_TOP/FIFO_MEM_reg[2][1]
  Impl DFF        i:/WORK/SYS_TOP/ASYNC_FIFO_SYS_TOP/FIFO_MEM_CNTRL_TOP/FIFO_MEM_reg[2][1]

  Ref  DFF        r:/WORK/SYS_TOP/ASYNC_FIFO_SYS_TOP/FIFO_MEM_CNTRL_TOP/FIFO_MEM_reg[2][2]
  Impl DFF        i:/WORK/SYS_TOP/ASYNC_FIFO_SYS_TOP/FIFO_MEM_CNTRL_TOP/FIFO_MEM_reg[2][2]

  Ref  DFF        r:/WORK/SYS_TOP/ASYNC_FIFO_SYS_TOP/FIFO_MEM_CNTRL_TOP/FIFO_MEM_reg[2][3]
  Impl DFF        i:/WORK/SYS_TOP/ASYNC_FIFO_SYS_TOP/FIFO_MEM_CNTRL_TOP/FIFO_MEM_reg[2][3]

  Ref  DFF        r:/WORK/SYS_TOP/ASYNC_FIFO_SYS_TOP/FIFO_MEM_CNTRL_TOP/FIFO_MEM_reg[2][4]
  Impl DFF        i:/WORK/SYS_TOP/ASYNC_FIFO_SYS_TOP/FIFO_MEM_CNTRL_TOP/FIFO_MEM_reg[2][4]

  Ref  DFF        r:/WORK/SYS_TOP/ASYNC_FIFO_SYS_TOP/FIFO_MEM_CNTRL_TOP/FIFO_MEM_reg[2][5]
  Impl DFF        i:/WORK/SYS_TOP/ASYNC_FIFO_SYS_TOP/FIFO_MEM_CNTRL_TOP/FIFO_MEM_reg[2][5]

  Ref  DFF        r:/WORK/SYS_TOP/ASYNC_FIFO_SYS_TOP/FIFO_MEM_CNTRL_TOP/FIFO_MEM_reg[2][6]
  Impl DFF        i:/WORK/SYS_TOP/ASYNC_FIFO_SYS_TOP/FIFO_MEM_CNTRL_TOP/FIFO_MEM_reg[2][6]

  Ref  DFF        r:/WORK/SYS_TOP/ASYNC_FIFO_SYS_TOP/FIFO_MEM_CNTRL_TOP/FIFO_MEM_reg[2][7]
  Impl DFF        i:/WORK/SYS_TOP/ASYNC_FIFO_SYS_TOP/FIFO_MEM_CNTRL_TOP/FIFO_MEM_reg[2][7]

  Ref  DFF        r:/WORK/SYS_TOP/ASYNC_FIFO_SYS_TOP/FIFO_MEM_CNTRL_TOP/FIFO_MEM_reg[3][0]
  Impl DFF        i:/WORK/SYS_TOP/ASYNC_FIFO_SYS_TOP/FIFO_MEM_CNTRL_TOP/FIFO_MEM_reg[3][0]

  Ref  DFF        r:/WORK/SYS_TOP/ASYNC_FIFO_SYS_TOP/FIFO_MEM_CNTRL_TOP/FIFO_MEM_reg[3][1]
  Impl DFF        i:/WORK/SYS_TOP/ASYNC_FIFO_SYS_TOP/FIFO_MEM_CNTRL_TOP/FIFO_MEM_reg[3][1]

  Ref  DFF        r:/WORK/SYS_TOP/ASYNC_FIFO_SYS_TOP/FIFO_MEM_CNTRL_TOP/FIFO_MEM_reg[3][2]
  Impl DFF        i:/WORK/SYS_TOP/ASYNC_FIFO_SYS_TOP/FIFO_MEM_CNTRL_TOP/FIFO_MEM_reg[3][2]

  Ref  DFF        r:/WORK/SYS_TOP/ASYNC_FIFO_SYS_TOP/FIFO_MEM_CNTRL_TOP/FIFO_MEM_reg[3][3]
  Impl DFF        i:/WORK/SYS_TOP/ASYNC_FIFO_SYS_TOP/FIFO_MEM_CNTRL_TOP/FIFO_MEM_reg[3][3]

  Ref  DFF        r:/WORK/SYS_TOP/ASYNC_FIFO_SYS_TOP/FIFO_MEM_CNTRL_TOP/FIFO_MEM_reg[3][4]
  Impl DFF        i:/WORK/SYS_TOP/ASYNC_FIFO_SYS_TOP/FIFO_MEM_CNTRL_TOP/FIFO_MEM_reg[3][4]

  Ref  DFF        r:/WORK/SYS_TOP/ASYNC_FIFO_SYS_TOP/FIFO_MEM_CNTRL_TOP/FIFO_MEM_reg[3][5]
  Impl DFF        i:/WORK/SYS_TOP/ASYNC_FIFO_SYS_TOP/FIFO_MEM_CNTRL_TOP/FIFO_MEM_reg[3][5]

  Ref  DFF        r:/WORK/SYS_TOP/ASYNC_FIFO_SYS_TOP/FIFO_MEM_CNTRL_TOP/FIFO_MEM_reg[3][6]
  Impl DFF        i:/WORK/SYS_TOP/ASYNC_FIFO_SYS_TOP/FIFO_MEM_CNTRL_TOP/FIFO_MEM_reg[3][6]

  Ref  DFF        r:/WORK/SYS_TOP/ASYNC_FIFO_SYS_TOP/FIFO_MEM_CNTRL_TOP/FIFO_MEM_reg[3][7]
  Impl DFF        i:/WORK/SYS_TOP/ASYNC_FIFO_SYS_TOP/FIFO_MEM_CNTRL_TOP/FIFO_MEM_reg[3][7]

  Ref  DFF        r:/WORK/SYS_TOP/ASYNC_FIFO_SYS_TOP/FIFO_MEM_CNTRL_TOP/FIFO_MEM_reg[4][0]
  Impl DFF        i:/WORK/SYS_TOP/ASYNC_FIFO_SYS_TOP/FIFO_MEM_CNTRL_TOP/FIFO_MEM_reg[4][0]

  Ref  DFF        r:/WORK/SYS_TOP/ASYNC_FIFO_SYS_TOP/FIFO_MEM_CNTRL_TOP/FIFO_MEM_reg[4][1]
  Impl DFF        i:/WORK/SYS_TOP/ASYNC_FIFO_SYS_TOP/FIFO_MEM_CNTRL_TOP/FIFO_MEM_reg[4][1]

  Ref  DFF        r:/WORK/SYS_TOP/ASYNC_FIFO_SYS_TOP/FIFO_MEM_CNTRL_TOP/FIFO_MEM_reg[4][2]
  Impl DFF        i:/WORK/SYS_TOP/ASYNC_FIFO_SYS_TOP/FIFO_MEM_CNTRL_TOP/FIFO_MEM_reg[4][2]

  Ref  DFF        r:/WORK/SYS_TOP/ASYNC_FIFO_SYS_TOP/FIFO_MEM_CNTRL_TOP/FIFO_MEM_reg[4][3]
  Impl DFF        i:/WORK/SYS_TOP/ASYNC_FIFO_SYS_TOP/FIFO_MEM_CNTRL_TOP/FIFO_MEM_reg[4][3]

  Ref  DFF        r:/WORK/SYS_TOP/ASYNC_FIFO_SYS_TOP/FIFO_MEM_CNTRL_TOP/FIFO_MEM_reg[4][4]
  Impl DFF        i:/WORK/SYS_TOP/ASYNC_FIFO_SYS_TOP/FIFO_MEM_CNTRL_TOP/FIFO_MEM_reg[4][4]

  Ref  DFF        r:/WORK/SYS_TOP/ASYNC_FIFO_SYS_TOP/FIFO_MEM_CNTRL_TOP/FIFO_MEM_reg[4][5]
  Impl DFF        i:/WORK/SYS_TOP/ASYNC_FIFO_SYS_TOP/FIFO_MEM_CNTRL_TOP/FIFO_MEM_reg[4][5]

  Ref  DFF        r:/WORK/SYS_TOP/ASYNC_FIFO_SYS_TOP/FIFO_MEM_CNTRL_TOP/FIFO_MEM_reg[4][6]
  Impl DFF        i:/WORK/SYS_TOP/ASYNC_FIFO_SYS_TOP/FIFO_MEM_CNTRL_TOP/FIFO_MEM_reg[4][6]

  Ref  DFF        r:/WORK/SYS_TOP/ASYNC_FIFO_SYS_TOP/FIFO_MEM_CNTRL_TOP/FIFO_MEM_reg[4][7]
  Impl DFF        i:/WORK/SYS_TOP/ASYNC_FIFO_SYS_TOP/FIFO_MEM_CNTRL_TOP/FIFO_MEM_reg[4][7]

  Ref  DFF        r:/WORK/SYS_TOP/ASYNC_FIFO_SYS_TOP/FIFO_MEM_CNTRL_TOP/FIFO_MEM_reg[5][0]
  Impl DFF        i:/WORK/SYS_TOP/ASYNC_FIFO_SYS_TOP/FIFO_MEM_CNTRL_TOP/FIFO_MEM_reg[5][0]

  Ref  DFF        r:/WORK/SYS_TOP/ASYNC_FIFO_SYS_TOP/FIFO_MEM_CNTRL_TOP/FIFO_MEM_reg[5][1]
  Impl DFF        i:/WORK/SYS_TOP/ASYNC_FIFO_SYS_TOP/FIFO_MEM_CNTRL_TOP/FIFO_MEM_reg[5][1]

  Ref  DFF        r:/WORK/SYS_TOP/ASYNC_FIFO_SYS_TOP/FIFO_MEM_CNTRL_TOP/FIFO_MEM_reg[5][2]
  Impl DFF        i:/WORK/SYS_TOP/ASYNC_FIFO_SYS_TOP/FIFO_MEM_CNTRL_TOP/FIFO_MEM_reg[5][2]

  Ref  DFF        r:/WORK/SYS_TOP/ASYNC_FIFO_SYS_TOP/FIFO_MEM_CNTRL_TOP/FIFO_MEM_reg[5][3]
  Impl DFF        i:/WORK/SYS_TOP/ASYNC_FIFO_SYS_TOP/FIFO_MEM_CNTRL_TOP/FIFO_MEM_reg[5][3]

  Ref  DFF        r:/WORK/SYS_TOP/ASYNC_FIFO_SYS_TOP/FIFO_MEM_CNTRL_TOP/FIFO_MEM_reg[5][4]
  Impl DFF        i:/WORK/SYS_TOP/ASYNC_FIFO_SYS_TOP/FIFO_MEM_CNTRL_TOP/FIFO_MEM_reg[5][4]

  Ref  DFF        r:/WORK/SYS_TOP/ASYNC_FIFO_SYS_TOP/FIFO_MEM_CNTRL_TOP/FIFO_MEM_reg[5][5]
  Impl DFF        i:/WORK/SYS_TOP/ASYNC_FIFO_SYS_TOP/FIFO_MEM_CNTRL_TOP/FIFO_MEM_reg[5][5]

  Ref  DFF        r:/WORK/SYS_TOP/ASYNC_FIFO_SYS_TOP/FIFO_MEM_CNTRL_TOP/FIFO_MEM_reg[5][6]
  Impl DFF        i:/WORK/SYS_TOP/ASYNC_FIFO_SYS_TOP/FIFO_MEM_CNTRL_TOP/FIFO_MEM_reg[5][6]

  Ref  DFF        r:/WORK/SYS_TOP/ASYNC_FIFO_SYS_TOP/FIFO_MEM_CNTRL_TOP/FIFO_MEM_reg[5][7]
  Impl DFF        i:/WORK/SYS_TOP/ASYNC_FIFO_SYS_TOP/FIFO_MEM_CNTRL_TOP/FIFO_MEM_reg[5][7]

  Ref  DFF        r:/WORK/SYS_TOP/ASYNC_FIFO_SYS_TOP/FIFO_MEM_CNTRL_TOP/FIFO_MEM_reg[6][0]
  Impl DFF        i:/WORK/SYS_TOP/ASYNC_FIFO_SYS_TOP/FIFO_MEM_CNTRL_TOP/FIFO_MEM_reg[6][0]

  Ref  DFF        r:/WORK/SYS_TOP/ASYNC_FIFO_SYS_TOP/FIFO_MEM_CNTRL_TOP/FIFO_MEM_reg[6][1]
  Impl DFF        i:/WORK/SYS_TOP/ASYNC_FIFO_SYS_TOP/FIFO_MEM_CNTRL_TOP/FIFO_MEM_reg[6][1]

  Ref  DFF        r:/WORK/SYS_TOP/ASYNC_FIFO_SYS_TOP/FIFO_MEM_CNTRL_TOP/FIFO_MEM_reg[6][2]
  Impl DFF        i:/WORK/SYS_TOP/ASYNC_FIFO_SYS_TOP/FIFO_MEM_CNTRL_TOP/FIFO_MEM_reg[6][2]

  Ref  DFF        r:/WORK/SYS_TOP/ASYNC_FIFO_SYS_TOP/FIFO_MEM_CNTRL_TOP/FIFO_MEM_reg[6][3]
  Impl DFF        i:/WORK/SYS_TOP/ASYNC_FIFO_SYS_TOP/FIFO_MEM_CNTRL_TOP/FIFO_MEM_reg[6][3]

  Ref  DFF        r:/WORK/SYS_TOP/ASYNC_FIFO_SYS_TOP/FIFO_MEM_CNTRL_TOP/FIFO_MEM_reg[6][4]
  Impl DFF        i:/WORK/SYS_TOP/ASYNC_FIFO_SYS_TOP/FIFO_MEM_CNTRL_TOP/FIFO_MEM_reg[6][4]

  Ref  DFF        r:/WORK/SYS_TOP/ASYNC_FIFO_SYS_TOP/FIFO_MEM_CNTRL_TOP/FIFO_MEM_reg[6][5]
  Impl DFF        i:/WORK/SYS_TOP/ASYNC_FIFO_SYS_TOP/FIFO_MEM_CNTRL_TOP/FIFO_MEM_reg[6][5]

  Ref  DFF        r:/WORK/SYS_TOP/ASYNC_FIFO_SYS_TOP/FIFO_MEM_CNTRL_TOP/FIFO_MEM_reg[6][6]
  Impl DFF        i:/WORK/SYS_TOP/ASYNC_FIFO_SYS_TOP/FIFO_MEM_CNTRL_TOP/FIFO_MEM_reg[6][6]

  Ref  DFF        r:/WORK/SYS_TOP/ASYNC_FIFO_SYS_TOP/FIFO_MEM_CNTRL_TOP/FIFO_MEM_reg[6][7]
  Impl DFF        i:/WORK/SYS_TOP/ASYNC_FIFO_SYS_TOP/FIFO_MEM_CNTRL_TOP/FIFO_MEM_reg[6][7]

  Ref  DFF        r:/WORK/SYS_TOP/ASYNC_FIFO_SYS_TOP/FIFO_MEM_CNTRL_TOP/FIFO_MEM_reg[7][0]
  Impl DFF        i:/WORK/SYS_TOP/ASYNC_FIFO_SYS_TOP/FIFO_MEM_CNTRL_TOP/FIFO_MEM_reg[7][0]

  Ref  DFF        r:/WORK/SYS_TOP/ASYNC_FIFO_SYS_TOP/FIFO_MEM_CNTRL_TOP/FIFO_MEM_reg[7][1]
  Impl DFF        i:/WORK/SYS_TOP/ASYNC_FIFO_SYS_TOP/FIFO_MEM_CNTRL_TOP/FIFO_MEM_reg[7][1]

  Ref  DFF        r:/WORK/SYS_TOP/ASYNC_FIFO_SYS_TOP/FIFO_MEM_CNTRL_TOP/FIFO_MEM_reg[7][2]
  Impl DFF        i:/WORK/SYS_TOP/ASYNC_FIFO_SYS_TOP/FIFO_MEM_CNTRL_TOP/FIFO_MEM_reg[7][2]

  Ref  DFF        r:/WORK/SYS_TOP/ASYNC_FIFO_SYS_TOP/FIFO_MEM_CNTRL_TOP/FIFO_MEM_reg[7][3]
  Impl DFF        i:/WORK/SYS_TOP/ASYNC_FIFO_SYS_TOP/FIFO_MEM_CNTRL_TOP/FIFO_MEM_reg[7][3]

  Ref  DFF        r:/WORK/SYS_TOP/ASYNC_FIFO_SYS_TOP/FIFO_MEM_CNTRL_TOP/FIFO_MEM_reg[7][4]
  Impl DFF        i:/WORK/SYS_TOP/ASYNC_FIFO_SYS_TOP/FIFO_MEM_CNTRL_TOP/FIFO_MEM_reg[7][4]

  Ref  DFF        r:/WORK/SYS_TOP/ASYNC_FIFO_SYS_TOP/FIFO_MEM_CNTRL_TOP/FIFO_MEM_reg[7][5]
  Impl DFF        i:/WORK/SYS_TOP/ASYNC_FIFO_SYS_TOP/FIFO_MEM_CNTRL_TOP/FIFO_MEM_reg[7][5]

  Ref  DFF        r:/WORK/SYS_TOP/ASYNC_FIFO_SYS_TOP/FIFO_MEM_CNTRL_TOP/FIFO_MEM_reg[7][6]
  Impl DFF        i:/WORK/SYS_TOP/ASYNC_FIFO_SYS_TOP/FIFO_MEM_CNTRL_TOP/FIFO_MEM_reg[7][6]

  Ref  DFF        r:/WORK/SYS_TOP/ASYNC_FIFO_SYS_TOP/FIFO_MEM_CNTRL_TOP/FIFO_MEM_reg[7][7]
  Impl DFF        i:/WORK/SYS_TOP/ASYNC_FIFO_SYS_TOP/FIFO_MEM_CNTRL_TOP/FIFO_MEM_reg[7][7]

  Ref  DFF        r:/WORK/SYS_TOP/ASYNC_FIFO_SYS_TOP/FIFO_RD_TOP/r_ptr_reg[0]
  Impl DFF        i:/WORK/SYS_TOP/ASYNC_FIFO_SYS_TOP/FIFO_RD_TOP/r_ptr_reg[0]

  Ref  DFF        r:/WORK/SYS_TOP/ASYNC_FIFO_SYS_TOP/FIFO_RD_TOP/r_ptr_reg[1]
  Impl DFF        i:/WORK/SYS_TOP/ASYNC_FIFO_SYS_TOP/FIFO_RD_TOP/r_ptr_reg[1]

  Ref  DFF        r:/WORK/SYS_TOP/ASYNC_FIFO_SYS_TOP/FIFO_RD_TOP/r_ptr_reg[2]
  Impl DFF        i:/WORK/SYS_TOP/ASYNC_FIFO_SYS_TOP/FIFO_RD_TOP/r_ptr_reg[2]

  Ref  DFF        r:/WORK/SYS_TOP/ASYNC_FIFO_SYS_TOP/FIFO_RD_TOP/r_ptr_reg[3]
  Impl DFF        i:/WORK/SYS_TOP/ASYNC_FIFO_SYS_TOP/FIFO_RD_TOP/r_ptr_reg[3]

  Ref  DFF        r:/WORK/SYS_TOP/ASYNC_FIFO_SYS_TOP/FIFO_RD_TOP/rd_ptr_reg[0]
  Impl DFF        i:/WORK/SYS_TOP/ASYNC_FIFO_SYS_TOP/FIFO_RD_TOP/rd_ptr_reg[0]

  Ref  DFF        r:/WORK/SYS_TOP/ASYNC_FIFO_SYS_TOP/FIFO_RD_TOP/rd_ptr_reg[1]
  Impl DFF        i:/WORK/SYS_TOP/ASYNC_FIFO_SYS_TOP/FIFO_RD_TOP/rd_ptr_reg[1]

  Ref  DFF        r:/WORK/SYS_TOP/ASYNC_FIFO_SYS_TOP/FIFO_RD_TOP/rd_ptr_reg[2]
  Impl DFF        i:/WORK/SYS_TOP/ASYNC_FIFO_SYS_TOP/FIFO_RD_TOP/rd_ptr_reg[2]

  Ref  DFF        r:/WORK/SYS_TOP/ASYNC_FIFO_SYS_TOP/FIFO_RD_TOP/rd_ptr_reg[3]
  Impl DFF        i:/WORK/SYS_TOP/ASYNC_FIFO_SYS_TOP/FIFO_RD_TOP/rd_ptr_reg[3]

  Ref  DFF        r:/WORK/SYS_TOP/ASYNC_FIFO_SYS_TOP/FIFO_WR_TOP/w_ptr_reg[0]
  Impl DFF        i:/WORK/SYS_TOP/ASYNC_FIFO_SYS_TOP/FIFO_WR_TOP/w_ptr_reg[0]

  Ref  DFF        r:/WORK/SYS_TOP/ASYNC_FIFO_SYS_TOP/FIFO_WR_TOP/w_ptr_reg[1]
  Impl DFF        i:/WORK/SYS_TOP/ASYNC_FIFO_SYS_TOP/FIFO_WR_TOP/w_ptr_reg[1]

  Ref  DFF        r:/WORK/SYS_TOP/ASYNC_FIFO_SYS_TOP/FIFO_WR_TOP/w_ptr_reg[2]
  Impl DFF        i:/WORK/SYS_TOP/ASYNC_FIFO_SYS_TOP/FIFO_WR_TOP/w_ptr_reg[2]

  Ref  DFF        r:/WORK/SYS_TOP/ASYNC_FIFO_SYS_TOP/FIFO_WR_TOP/w_ptr_reg[3]
  Impl DFF        i:/WORK/SYS_TOP/ASYNC_FIFO_SYS_TOP/FIFO_WR_TOP/w_ptr_reg[3]

  Ref  DFF        r:/WORK/SYS_TOP/ASYNC_FIFO_SYS_TOP/FIFO_WR_TOP/w_ptr_reg_reg[0]
  Impl DFF        i:/WORK/SYS_TOP/ASYNC_FIFO_SYS_TOP/FIFO_WR_TOP/w_ptr_reg_reg[0]

  Ref  DFF        r:/WORK/SYS_TOP/ASYNC_FIFO_SYS_TOP/FIFO_WR_TOP/w_ptr_reg_reg[1]
  Impl DFF        i:/WORK/SYS_TOP/ASYNC_FIFO_SYS_TOP/FIFO_WR_TOP/w_ptr_reg_reg[1]

  Ref  DFF        r:/WORK/SYS_TOP/ASYNC_FIFO_SYS_TOP/FIFO_WR_TOP/w_ptr_reg_reg[2]
  Impl DFF        i:/WORK/SYS_TOP/ASYNC_FIFO_SYS_TOP/FIFO_WR_TOP/w_ptr_reg_reg[2]

  Ref  DFF        r:/WORK/SYS_TOP/ASYNC_FIFO_SYS_TOP/FIFO_WR_TOP/w_ptr_reg_reg[3]
  Impl DFF        i:/WORK/SYS_TOP/ASYNC_FIFO_SYS_TOP/FIFO_WR_TOP/w_ptr_reg_reg[3]

  Ref  DFF        r:/WORK/SYS_TOP/ASYNC_FIFO_SYS_TOP/bit_sync_r2w_TOP/meta_flop_reg[0]
  Impl DFF        i:/WORK/SYS_TOP/ASYNC_FIFO_SYS_TOP/bit_sync_r2w_TOP/meta_flop_reg[0]

  Ref  DFF        r:/WORK/SYS_TOP/ASYNC_FIFO_SYS_TOP/bit_sync_r2w_TOP/meta_flop_reg[1]
  Impl DFF        i:/WORK/SYS_TOP/ASYNC_FIFO_SYS_TOP/bit_sync_r2w_TOP/meta_flop_reg[1]

  Ref  DFF        r:/WORK/SYS_TOP/ASYNC_FIFO_SYS_TOP/bit_sync_r2w_TOP/meta_flop_reg[2]
  Impl DFF        i:/WORK/SYS_TOP/ASYNC_FIFO_SYS_TOP/bit_sync_r2w_TOP/meta_flop_reg[2]

  Ref  DFF        r:/WORK/SYS_TOP/ASYNC_FIFO_SYS_TOP/bit_sync_r2w_TOP/meta_flop_reg[3]
  Impl DFF        i:/WORK/SYS_TOP/ASYNC_FIFO_SYS_TOP/bit_sync_r2w_TOP/meta_flop_reg[3]

  Ref  DFF        r:/WORK/SYS_TOP/ASYNC_FIFO_SYS_TOP/bit_sync_r2w_TOP/sync_reg[0]
  Impl DFF        i:/WORK/SYS_TOP/ASYNC_FIFO_SYS_TOP/bit_sync_r2w_TOP/sync_reg[0]

  Ref  DFF        r:/WORK/SYS_TOP/ASYNC_FIFO_SYS_TOP/bit_sync_r2w_TOP/sync_reg[1]
  Impl DFF        i:/WORK/SYS_TOP/ASYNC_FIFO_SYS_TOP/bit_sync_r2w_TOP/sync_reg[1]

  Ref  DFF        r:/WORK/SYS_TOP/ASYNC_FIFO_SYS_TOP/bit_sync_r2w_TOP/sync_reg[2]
  Impl DFF        i:/WORK/SYS_TOP/ASYNC_FIFO_SYS_TOP/bit_sync_r2w_TOP/sync_reg[2]

  Ref  DFF        r:/WORK/SYS_TOP/ASYNC_FIFO_SYS_TOP/bit_sync_r2w_TOP/sync_reg[3]
  Impl DFF        i:/WORK/SYS_TOP/ASYNC_FIFO_SYS_TOP/bit_sync_r2w_TOP/sync_reg[3]

  Ref  DFF        r:/WORK/SYS_TOP/ASYNC_FIFO_SYS_TOP/bit_sync_w2r_TOP/meta_flop_reg[0]
  Impl DFF        i:/WORK/SYS_TOP/ASYNC_FIFO_SYS_TOP/bit_sync_w2r_TOP/meta_flop_reg[0]

  Ref  DFF        r:/WORK/SYS_TOP/ASYNC_FIFO_SYS_TOP/bit_sync_w2r_TOP/meta_flop_reg[1]
  Impl DFF        i:/WORK/SYS_TOP/ASYNC_FIFO_SYS_TOP/bit_sync_w2r_TOP/meta_flop_reg[1]

  Ref  DFF        r:/WORK/SYS_TOP/ASYNC_FIFO_SYS_TOP/bit_sync_w2r_TOP/meta_flop_reg[2]
  Impl DFF        i:/WORK/SYS_TOP/ASYNC_FIFO_SYS_TOP/bit_sync_w2r_TOP/meta_flop_reg[2]

  Ref  DFF        r:/WORK/SYS_TOP/ASYNC_FIFO_SYS_TOP/bit_sync_w2r_TOP/meta_flop_reg[3]
  Impl DFF        i:/WORK/SYS_TOP/ASYNC_FIFO_SYS_TOP/bit_sync_w2r_TOP/meta_flop_reg[3]

  Ref  DFF        r:/WORK/SYS_TOP/ASYNC_FIFO_SYS_TOP/bit_sync_w2r_TOP/sync_reg[0]
  Impl DFF        i:/WORK/SYS_TOP/ASYNC_FIFO_SYS_TOP/bit_sync_w2r_TOP/sync_reg[0]

  Ref  DFF        r:/WORK/SYS_TOP/ASYNC_FIFO_SYS_TOP/bit_sync_w2r_TOP/sync_reg[1]
  Impl DFF        i:/WORK/SYS_TOP/ASYNC_FIFO_SYS_TOP/bit_sync_w2r_TOP/sync_reg[1]

  Ref  DFF        r:/WORK/SYS_TOP/ASYNC_FIFO_SYS_TOP/bit_sync_w2r_TOP/sync_reg[2]
  Impl DFF        i:/WORK/SYS_TOP/ASYNC_FIFO_SYS_TOP/bit_sync_w2r_TOP/sync_reg[2]

  Ref  DFF        r:/WORK/SYS_TOP/ASYNC_FIFO_SYS_TOP/bit_sync_w2r_TOP/sync_reg[3]
  Impl DFF        i:/WORK/SYS_TOP/ASYNC_FIFO_SYS_TOP/bit_sync_w2r_TOP/sync_reg[3]

  Ref  DFF        r:/WORK/SYS_TOP/CLK_DIV_RX/counter_reg[0]
  Impl DFF        i:/WORK/SYS_TOP/CLK_DIV_RX/counter_reg[0]

  Ref  DFF        r:/WORK/SYS_TOP/CLK_DIV_RX/counter_reg[1]
  Impl DFF        i:/WORK/SYS_TOP/CLK_DIV_RX/counter_reg[1]

  Ref  DFF        r:/WORK/SYS_TOP/CLK_DIV_RX/counter_reg[2]
  Impl DFF        i:/WORK/SYS_TOP/CLK_DIV_RX/counter_reg[2]

  Ref  DFF        r:/WORK/SYS_TOP/CLK_DIV_RX/counter_reg[3]
  Impl DFF        i:/WORK/SYS_TOP/CLK_DIV_RX/counter_reg[3]

  Ref  DFF        r:/WORK/SYS_TOP/CLK_DIV_RX/counter_reg[4]
  Impl DFF        i:/WORK/SYS_TOP/CLK_DIV_RX/counter_reg[4]

  Ref  DFF        r:/WORK/SYS_TOP/CLK_DIV_RX/counter_reg[5]
  Impl DFF        i:/WORK/SYS_TOP/CLK_DIV_RX/counter_reg[5]

  Ref  DFF        r:/WORK/SYS_TOP/CLK_DIV_RX/counter_reg[6]
  Impl DFF        i:/WORK/SYS_TOP/CLK_DIV_RX/counter_reg[6]

  Ref  DFF        r:/WORK/SYS_TOP/CLK_DIV_RX/div_clk_reg
  Impl DFF        i:/WORK/SYS_TOP/CLK_DIV_RX/div_clk_reg

  Ref  DFF        r:/WORK/SYS_TOP/CLK_DIV_RX/flag_reg
  Impl DFF        i:/WORK/SYS_TOP/CLK_DIV_RX/flag_reg

  Ref  DFF        r:/WORK/SYS_TOP/CLK_DIV_RX/i_div_ratio_c_reg[0]
  Impl DFF        i:/WORK/SYS_TOP/CLK_DIV_RX/i_div_ratio_c_reg[0]

  Ref  DFF        r:/WORK/SYS_TOP/CLK_DIV_RX/i_div_ratio_c_reg[2]
  Impl DFF        i:/WORK/SYS_TOP/CLK_DIV_RX/i_div_ratio_c_reg[2]

  Ref  DFF        r:/WORK/SYS_TOP/CLK_DIV_RX/i_div_ratio_c_reg[3]
  Impl DFF        i:/WORK/SYS_TOP/CLK_DIV_RX/i_div_ratio_c_reg[3]

  Ref  DFF        r:/WORK/SYS_TOP/CLK_DIV_TX/counter_reg[0]
  Impl DFF        i:/WORK/SYS_TOP/CLK_DIV_TX/counter_reg[0]

  Ref  DFF        r:/WORK/SYS_TOP/CLK_DIV_TX/counter_reg[1]
  Impl DFF        i:/WORK/SYS_TOP/CLK_DIV_TX/counter_reg[1]

  Ref  DFF        r:/WORK/SYS_TOP/CLK_DIV_TX/counter_reg[2]
  Impl DFF        i:/WORK/SYS_TOP/CLK_DIV_TX/counter_reg[2]

  Ref  DFF        r:/WORK/SYS_TOP/CLK_DIV_TX/counter_reg[3]
  Impl DFF        i:/WORK/SYS_TOP/CLK_DIV_TX/counter_reg[3]

  Ref  DFF        r:/WORK/SYS_TOP/CLK_DIV_TX/counter_reg[4]
  Impl DFF        i:/WORK/SYS_TOP/CLK_DIV_TX/counter_reg[4]

  Ref  DFF        r:/WORK/SYS_TOP/CLK_DIV_TX/counter_reg[5]
  Impl DFF        i:/WORK/SYS_TOP/CLK_DIV_TX/counter_reg[5]

  Ref  DFF        r:/WORK/SYS_TOP/CLK_DIV_TX/counter_reg[6]
  Impl DFF        i:/WORK/SYS_TOP/CLK_DIV_TX/counter_reg[6]

  Ref  DFF        r:/WORK/SYS_TOP/CLK_DIV_TX/div_clk_reg
  Impl DFF        i:/WORK/SYS_TOP/CLK_DIV_TX/div_clk_reg

  Ref  DFF        r:/WORK/SYS_TOP/CLK_DIV_TX/flag_reg
  Impl DFF        i:/WORK/SYS_TOP/CLK_DIV_TX/flag_reg

  Ref  DFF        r:/WORK/SYS_TOP/CLK_DIV_TX/i_div_ratio_c_reg[0]
  Impl DFF        i:/WORK/SYS_TOP/CLK_DIV_TX/i_div_ratio_c_reg[0]

  Ref  DFF        r:/WORK/SYS_TOP/CLK_DIV_TX/i_div_ratio_c_reg[1]
  Impl DFF        i:/WORK/SYS_TOP/CLK_DIV_TX/i_div_ratio_c_reg[1]

  Ref  DFF        r:/WORK/SYS_TOP/CLK_DIV_TX/i_div_ratio_c_reg[2]
  Impl DFF        i:/WORK/SYS_TOP/CLK_DIV_TX/i_div_ratio_c_reg[2]

  Ref  DFF        r:/WORK/SYS_TOP/CLK_DIV_TX/i_div_ratio_c_reg[3]
  Impl DFF        i:/WORK/SYS_TOP/CLK_DIV_TX/i_div_ratio_c_reg[3]

  Ref  DFF        r:/WORK/SYS_TOP/CLK_DIV_TX/i_div_ratio_c_reg[4]
  Impl DFF        i:/WORK/SYS_TOP/CLK_DIV_TX/i_div_ratio_c_reg[4]

  Ref  DFF        r:/WORK/SYS_TOP/CLK_DIV_TX/i_div_ratio_c_reg[5]
  Impl DFF        i:/WORK/SYS_TOP/CLK_DIV_TX/i_div_ratio_c_reg[5]

  Ref  DFF        r:/WORK/SYS_TOP/DATA_SYNC_SYS_TOP/bit_sync_TOP/SYNC_reg
  Impl DFF        i:/WORK/SYS_TOP/DATA_SYNC_SYS_TOP/bit_sync_TOP/SYNC_reg

  Ref  DFF        r:/WORK/SYS_TOP/DATA_SYNC_SYS_TOP/bit_sync_TOP/sync_reg_reg[0]
  Impl DFF        i:/WORK/SYS_TOP/DATA_SYNC_SYS_TOP/bit_sync_TOP/sync_reg_reg[0]

  Ref  DFF        r:/WORK/SYS_TOP/DATA_SYNC_SYS_TOP/bit_sync_TOP/sync_reg_reg[1]
  Impl DFF        i:/WORK/SYS_TOP/DATA_SYNC_SYS_TOP/bit_sync_TOP/sync_reg_reg[1]

  Ref  DFF        r:/WORK/SYS_TOP/DATA_SYNC_SYS_TOP/enable_puls_reg
  Impl DFF        i:/WORK/SYS_TOP/DATA_SYNC_SYS_TOP/enable_puls_reg

  Ref  DFF        r:/WORK/SYS_TOP/DATA_SYNC_SYS_TOP/pulse_gen_TOP/enable_f_reg
  Impl DFF        i:/WORK/SYS_TOP/DATA_SYNC_SYS_TOP/pulse_gen_TOP/enable_f_reg

  Ref  DFF        r:/WORK/SYS_TOP/DATA_SYNC_SYS_TOP/sync_bus_reg[0]
  Impl DFF        i:/WORK/SYS_TOP/DATA_SYNC_SYS_TOP/sync_bus_reg[0]

  Ref  DFF        r:/WORK/SYS_TOP/DATA_SYNC_SYS_TOP/sync_bus_reg[1]
  Impl DFF        i:/WORK/SYS_TOP/DATA_SYNC_SYS_TOP/sync_bus_reg[1]

  Ref  DFF        r:/WORK/SYS_TOP/DATA_SYNC_SYS_TOP/sync_bus_reg[2]
  Impl DFF        i:/WORK/SYS_TOP/DATA_SYNC_SYS_TOP/sync_bus_reg[2]

  Ref  DFF        r:/WORK/SYS_TOP/DATA_SYNC_SYS_TOP/sync_bus_reg[3]
  Impl DFF        i:/WORK/SYS_TOP/DATA_SYNC_SYS_TOP/sync_bus_reg[3]

  Ref  DFF        r:/WORK/SYS_TOP/DATA_SYNC_SYS_TOP/sync_bus_reg[4]
  Impl DFF        i:/WORK/SYS_TOP/DATA_SYNC_SYS_TOP/sync_bus_reg[4]

  Ref  DFF        r:/WORK/SYS_TOP/DATA_SYNC_SYS_TOP/sync_bus_reg[5]
  Impl DFF        i:/WORK/SYS_TOP/DATA_SYNC_SYS_TOP/sync_bus_reg[5]

  Ref  DFF        r:/WORK/SYS_TOP/DATA_SYNC_SYS_TOP/sync_bus_reg[6]
  Impl DFF        i:/WORK/SYS_TOP/DATA_SYNC_SYS_TOP/sync_bus_reg[6]

  Ref  DFF        r:/WORK/SYS_TOP/DATA_SYNC_SYS_TOP/sync_bus_reg[7]
  Impl DFF        i:/WORK/SYS_TOP/DATA_SYNC_SYS_TOP/sync_bus_reg[7]

  Ref  DFF        r:/WORK/SYS_TOP/DATA_SYNC_SYS_TOP/unsync_bus_c_reg[0]
  Impl DFF        i:/WORK/SYS_TOP/DATA_SYNC_SYS_TOP/unsync_bus_c_reg[0]

  Ref  DFF        r:/WORK/SYS_TOP/DATA_SYNC_SYS_TOP/unsync_bus_c_reg[1]
  Impl DFF        i:/WORK/SYS_TOP/DATA_SYNC_SYS_TOP/unsync_bus_c_reg[1]

  Ref  DFF        r:/WORK/SYS_TOP/DATA_SYNC_SYS_TOP/unsync_bus_c_reg[2]
  Impl DFF        i:/WORK/SYS_TOP/DATA_SYNC_SYS_TOP/unsync_bus_c_reg[2]

  Ref  DFF        r:/WORK/SYS_TOP/DATA_SYNC_SYS_TOP/unsync_bus_c_reg[3]
  Impl DFF        i:/WORK/SYS_TOP/DATA_SYNC_SYS_TOP/unsync_bus_c_reg[3]

  Ref  DFF        r:/WORK/SYS_TOP/DATA_SYNC_SYS_TOP/unsync_bus_c_reg[4]
  Impl DFF        i:/WORK/SYS_TOP/DATA_SYNC_SYS_TOP/unsync_bus_c_reg[4]

  Ref  DFF        r:/WORK/SYS_TOP/DATA_SYNC_SYS_TOP/unsync_bus_c_reg[5]
  Impl DFF        i:/WORK/SYS_TOP/DATA_SYNC_SYS_TOP/unsync_bus_c_reg[5]

  Ref  DFF        r:/WORK/SYS_TOP/DATA_SYNC_SYS_TOP/unsync_bus_c_reg[6]
  Impl DFF        i:/WORK/SYS_TOP/DATA_SYNC_SYS_TOP/unsync_bus_c_reg[6]

  Ref  DFF        r:/WORK/SYS_TOP/DATA_SYNC_SYS_TOP/unsync_bus_c_reg[7]
  Impl DFF        i:/WORK/SYS_TOP/DATA_SYNC_SYS_TOP/unsync_bus_c_reg[7]

  Ref  DFF        r:/WORK/SYS_TOP/RST_SYNC_ASYNC_FIFO/reset_ff_reg[0]
  Impl DFF        i:/WORK/SYS_TOP/RST_SYNC_ASYNC_FIFO/reset_ff_reg[0]

  Ref  DFF        r:/WORK/SYS_TOP/RST_SYNC_ASYNC_FIFO/reset_ff_reg[1]
  Impl DFF        i:/WORK/SYS_TOP/RST_SYNC_ASYNC_FIFO/reset_ff_reg[1]

  Ref  DFF        r:/WORK/SYS_TOP/RST_SYNC_REG_FILE/reset_ff_reg[0]
  Impl DFF        i:/WORK/SYS_TOP/RST_SYNC_REG_FILE/reset_ff_reg[0]

  Ref  DFF        r:/WORK/SYS_TOP/RST_SYNC_REG_FILE/reset_ff_reg[1]
  Impl DFF        i:/WORK/SYS_TOP/RST_SYNC_REG_FILE/reset_ff_reg[1]

  Ref  DFF        r:/WORK/SYS_TOP/Reg_File_SYS_TOP/RdData_Valid_reg
  Impl DFF        i:/WORK/SYS_TOP/Reg_File_SYS_TOP/RdData_Valid_reg

  Ref  DFF        r:/WORK/SYS_TOP/Reg_File_SYS_TOP/RdData_reg[0]
  Impl DFF        i:/WORK/SYS_TOP/Reg_File_SYS_TOP/RdData_reg[0]

  Ref  DFF        r:/WORK/SYS_TOP/Reg_File_SYS_TOP/RdData_reg[1]
  Impl DFF        i:/WORK/SYS_TOP/Reg_File_SYS_TOP/RdData_reg[1]

  Ref  DFF        r:/WORK/SYS_TOP/Reg_File_SYS_TOP/RdData_reg[2]
  Impl DFF        i:/WORK/SYS_TOP/Reg_File_SYS_TOP/RdData_reg[2]

  Ref  DFF        r:/WORK/SYS_TOP/Reg_File_SYS_TOP/RdData_reg[3]
  Impl DFF        i:/WORK/SYS_TOP/Reg_File_SYS_TOP/RdData_reg[3]

  Ref  DFF        r:/WORK/SYS_TOP/Reg_File_SYS_TOP/RdData_reg[4]
  Impl DFF        i:/WORK/SYS_TOP/Reg_File_SYS_TOP/RdData_reg[4]

  Ref  DFF        r:/WORK/SYS_TOP/Reg_File_SYS_TOP/RdData_reg[5]
  Impl DFF        i:/WORK/SYS_TOP/Reg_File_SYS_TOP/RdData_reg[5]

  Ref  DFF        r:/WORK/SYS_TOP/Reg_File_SYS_TOP/RdData_reg[6]
  Impl DFF        i:/WORK/SYS_TOP/Reg_File_SYS_TOP/RdData_reg[6]

  Ref  DFF        r:/WORK/SYS_TOP/Reg_File_SYS_TOP/RdData_reg[7]
  Impl DFF        i:/WORK/SYS_TOP/Reg_File_SYS_TOP/RdData_reg[7]

  Ref  DFF        r:/WORK/SYS_TOP/Reg_File_SYS_TOP/RegFile_reg[0][0]
  Impl DFF        i:/WORK/SYS_TOP/Reg_File_SYS_TOP/RegFile_reg[0][0]

  Ref  DFF        r:/WORK/SYS_TOP/Reg_File_SYS_TOP/RegFile_reg[0][1]
  Impl DFF        i:/WORK/SYS_TOP/Reg_File_SYS_TOP/RegFile_reg[0][1]

  Ref  DFF        r:/WORK/SYS_TOP/Reg_File_SYS_TOP/RegFile_reg[0][2]
  Impl DFF        i:/WORK/SYS_TOP/Reg_File_SYS_TOP/RegFile_reg[0][2]

  Ref  DFF        r:/WORK/SYS_TOP/Reg_File_SYS_TOP/RegFile_reg[0][3]
  Impl DFF        i:/WORK/SYS_TOP/Reg_File_SYS_TOP/RegFile_reg[0][3]

  Ref  DFF        r:/WORK/SYS_TOP/Reg_File_SYS_TOP/RegFile_reg[0][4]
  Impl DFF        i:/WORK/SYS_TOP/Reg_File_SYS_TOP/RegFile_reg[0][4]

  Ref  DFF        r:/WORK/SYS_TOP/Reg_File_SYS_TOP/RegFile_reg[0][5]
  Impl DFF        i:/WORK/SYS_TOP/Reg_File_SYS_TOP/RegFile_reg[0][5]

  Ref  DFF        r:/WORK/SYS_TOP/Reg_File_SYS_TOP/RegFile_reg[0][6]
  Impl DFF        i:/WORK/SYS_TOP/Reg_File_SYS_TOP/RegFile_reg[0][6]

  Ref  DFF        r:/WORK/SYS_TOP/Reg_File_SYS_TOP/RegFile_reg[0][7]
  Impl DFF        i:/WORK/SYS_TOP/Reg_File_SYS_TOP/RegFile_reg[0][7]

  Ref  DFF        r:/WORK/SYS_TOP/Reg_File_SYS_TOP/RegFile_reg[10][0]
  Impl DFF        i:/WORK/SYS_TOP/Reg_File_SYS_TOP/RegFile_reg[10][0]

  Ref  DFF        r:/WORK/SYS_TOP/Reg_File_SYS_TOP/RegFile_reg[10][1]
  Impl DFF        i:/WORK/SYS_TOP/Reg_File_SYS_TOP/RegFile_reg[10][1]

  Ref  DFF        r:/WORK/SYS_TOP/Reg_File_SYS_TOP/RegFile_reg[10][2]
  Impl DFF        i:/WORK/SYS_TOP/Reg_File_SYS_TOP/RegFile_reg[10][2]

  Ref  DFF        r:/WORK/SYS_TOP/Reg_File_SYS_TOP/RegFile_reg[10][3]
  Impl DFF        i:/WORK/SYS_TOP/Reg_File_SYS_TOP/RegFile_reg[10][3]

  Ref  DFF        r:/WORK/SYS_TOP/Reg_File_SYS_TOP/RegFile_reg[10][4]
  Impl DFF        i:/WORK/SYS_TOP/Reg_File_SYS_TOP/RegFile_reg[10][4]

  Ref  DFF        r:/WORK/SYS_TOP/Reg_File_SYS_TOP/RegFile_reg[10][5]
  Impl DFF        i:/WORK/SYS_TOP/Reg_File_SYS_TOP/RegFile_reg[10][5]

  Ref  DFF        r:/WORK/SYS_TOP/Reg_File_SYS_TOP/RegFile_reg[10][6]
  Impl DFF        i:/WORK/SYS_TOP/Reg_File_SYS_TOP/RegFile_reg[10][6]

  Ref  DFF        r:/WORK/SYS_TOP/Reg_File_SYS_TOP/RegFile_reg[10][7]
  Impl DFF        i:/WORK/SYS_TOP/Reg_File_SYS_TOP/RegFile_reg[10][7]

  Ref  DFF        r:/WORK/SYS_TOP/Reg_File_SYS_TOP/RegFile_reg[11][0]
  Impl DFF        i:/WORK/SYS_TOP/Reg_File_SYS_TOP/RegFile_reg[11][0]

  Ref  DFF        r:/WORK/SYS_TOP/Reg_File_SYS_TOP/RegFile_reg[11][1]
  Impl DFF        i:/WORK/SYS_TOP/Reg_File_SYS_TOP/RegFile_reg[11][1]

  Ref  DFF        r:/WORK/SYS_TOP/Reg_File_SYS_TOP/RegFile_reg[11][2]
  Impl DFF        i:/WORK/SYS_TOP/Reg_File_SYS_TOP/RegFile_reg[11][2]

  Ref  DFF        r:/WORK/SYS_TOP/Reg_File_SYS_TOP/RegFile_reg[11][3]
  Impl DFF        i:/WORK/SYS_TOP/Reg_File_SYS_TOP/RegFile_reg[11][3]

  Ref  DFF        r:/WORK/SYS_TOP/Reg_File_SYS_TOP/RegFile_reg[11][4]
  Impl DFF        i:/WORK/SYS_TOP/Reg_File_SYS_TOP/RegFile_reg[11][4]

  Ref  DFF        r:/WORK/SYS_TOP/Reg_File_SYS_TOP/RegFile_reg[11][5]
  Impl DFF        i:/WORK/SYS_TOP/Reg_File_SYS_TOP/RegFile_reg[11][5]

  Ref  DFF        r:/WORK/SYS_TOP/Reg_File_SYS_TOP/RegFile_reg[11][6]
  Impl DFF        i:/WORK/SYS_TOP/Reg_File_SYS_TOP/RegFile_reg[11][6]

  Ref  DFF        r:/WORK/SYS_TOP/Reg_File_SYS_TOP/RegFile_reg[11][7]
  Impl DFF        i:/WORK/SYS_TOP/Reg_File_SYS_TOP/RegFile_reg[11][7]

  Ref  DFF        r:/WORK/SYS_TOP/Reg_File_SYS_TOP/RegFile_reg[12][0]
  Impl DFF        i:/WORK/SYS_TOP/Reg_File_SYS_TOP/RegFile_reg[12][0]

  Ref  DFF        r:/WORK/SYS_TOP/Reg_File_SYS_TOP/RegFile_reg[12][1]
  Impl DFF        i:/WORK/SYS_TOP/Reg_File_SYS_TOP/RegFile_reg[12][1]

  Ref  DFF        r:/WORK/SYS_TOP/Reg_File_SYS_TOP/RegFile_reg[12][2]
  Impl DFF        i:/WORK/SYS_TOP/Reg_File_SYS_TOP/RegFile_reg[12][2]

  Ref  DFF        r:/WORK/SYS_TOP/Reg_File_SYS_TOP/RegFile_reg[12][3]
  Impl DFF        i:/WORK/SYS_TOP/Reg_File_SYS_TOP/RegFile_reg[12][3]

  Ref  DFF        r:/WORK/SYS_TOP/Reg_File_SYS_TOP/RegFile_reg[12][4]
  Impl DFF        i:/WORK/SYS_TOP/Reg_File_SYS_TOP/RegFile_reg[12][4]

  Ref  DFF        r:/WORK/SYS_TOP/Reg_File_SYS_TOP/RegFile_reg[12][5]
  Impl DFF        i:/WORK/SYS_TOP/Reg_File_SYS_TOP/RegFile_reg[12][5]

  Ref  DFF        r:/WORK/SYS_TOP/Reg_File_SYS_TOP/RegFile_reg[12][6]
  Impl DFF        i:/WORK/SYS_TOP/Reg_File_SYS_TOP/RegFile_reg[12][6]

  Ref  DFF        r:/WORK/SYS_TOP/Reg_File_SYS_TOP/RegFile_reg[12][7]
  Impl DFF        i:/WORK/SYS_TOP/Reg_File_SYS_TOP/RegFile_reg[12][7]

  Ref  DFF        r:/WORK/SYS_TOP/Reg_File_SYS_TOP/RegFile_reg[13][0]
  Impl DFF        i:/WORK/SYS_TOP/Reg_File_SYS_TOP/RegFile_reg[13][0]

  Ref  DFF        r:/WORK/SYS_TOP/Reg_File_SYS_TOP/RegFile_reg[13][1]
  Impl DFF        i:/WORK/SYS_TOP/Reg_File_SYS_TOP/RegFile_reg[13][1]

  Ref  DFF        r:/WORK/SYS_TOP/Reg_File_SYS_TOP/RegFile_reg[13][2]
  Impl DFF        i:/WORK/SYS_TOP/Reg_File_SYS_TOP/RegFile_reg[13][2]

  Ref  DFF        r:/WORK/SYS_TOP/Reg_File_SYS_TOP/RegFile_reg[13][3]
  Impl DFF        i:/WORK/SYS_TOP/Reg_File_SYS_TOP/RegFile_reg[13][3]

  Ref  DFF        r:/WORK/SYS_TOP/Reg_File_SYS_TOP/RegFile_reg[13][4]
  Impl DFF        i:/WORK/SYS_TOP/Reg_File_SYS_TOP/RegFile_reg[13][4]

  Ref  DFF        r:/WORK/SYS_TOP/Reg_File_SYS_TOP/RegFile_reg[13][5]
  Impl DFF        i:/WORK/SYS_TOP/Reg_File_SYS_TOP/RegFile_reg[13][5]

  Ref  DFF        r:/WORK/SYS_TOP/Reg_File_SYS_TOP/RegFile_reg[13][6]
  Impl DFF        i:/WORK/SYS_TOP/Reg_File_SYS_TOP/RegFile_reg[13][6]

  Ref  DFF        r:/WORK/SYS_TOP/Reg_File_SYS_TOP/RegFile_reg[13][7]
  Impl DFF        i:/WORK/SYS_TOP/Reg_File_SYS_TOP/RegFile_reg[13][7]

  Ref  DFF        r:/WORK/SYS_TOP/Reg_File_SYS_TOP/RegFile_reg[14][0]
  Impl DFF        i:/WORK/SYS_TOP/Reg_File_SYS_TOP/RegFile_reg[14][0]

  Ref  DFF        r:/WORK/SYS_TOP/Reg_File_SYS_TOP/RegFile_reg[14][1]
  Impl DFF        i:/WORK/SYS_TOP/Reg_File_SYS_TOP/RegFile_reg[14][1]

  Ref  DFF        r:/WORK/SYS_TOP/Reg_File_SYS_TOP/RegFile_reg[14][2]
  Impl DFF        i:/WORK/SYS_TOP/Reg_File_SYS_TOP/RegFile_reg[14][2]

  Ref  DFF        r:/WORK/SYS_TOP/Reg_File_SYS_TOP/RegFile_reg[14][3]
  Impl DFF        i:/WORK/SYS_TOP/Reg_File_SYS_TOP/RegFile_reg[14][3]

  Ref  DFF        r:/WORK/SYS_TOP/Reg_File_SYS_TOP/RegFile_reg[14][4]
  Impl DFF        i:/WORK/SYS_TOP/Reg_File_SYS_TOP/RegFile_reg[14][4]

  Ref  DFF        r:/WORK/SYS_TOP/Reg_File_SYS_TOP/RegFile_reg[14][5]
  Impl DFF        i:/WORK/SYS_TOP/Reg_File_SYS_TOP/RegFile_reg[14][5]

  Ref  DFF        r:/WORK/SYS_TOP/Reg_File_SYS_TOP/RegFile_reg[14][6]
  Impl DFF        i:/WORK/SYS_TOP/Reg_File_SYS_TOP/RegFile_reg[14][6]

  Ref  DFF        r:/WORK/SYS_TOP/Reg_File_SYS_TOP/RegFile_reg[14][7]
  Impl DFF        i:/WORK/SYS_TOP/Reg_File_SYS_TOP/RegFile_reg[14][7]

  Ref  DFF        r:/WORK/SYS_TOP/Reg_File_SYS_TOP/RegFile_reg[15][0]
  Impl DFF        i:/WORK/SYS_TOP/Reg_File_SYS_TOP/RegFile_reg[15][0]

  Ref  DFF        r:/WORK/SYS_TOP/Reg_File_SYS_TOP/RegFile_reg[15][1]
  Impl DFF        i:/WORK/SYS_TOP/Reg_File_SYS_TOP/RegFile_reg[15][1]

  Ref  DFF        r:/WORK/SYS_TOP/Reg_File_SYS_TOP/RegFile_reg[15][2]
  Impl DFF        i:/WORK/SYS_TOP/Reg_File_SYS_TOP/RegFile_reg[15][2]

  Ref  DFF        r:/WORK/SYS_TOP/Reg_File_SYS_TOP/RegFile_reg[15][3]
  Impl DFF        i:/WORK/SYS_TOP/Reg_File_SYS_TOP/RegFile_reg[15][3]

  Ref  DFF        r:/WORK/SYS_TOP/Reg_File_SYS_TOP/RegFile_reg[15][4]
  Impl DFF        i:/WORK/SYS_TOP/Reg_File_SYS_TOP/RegFile_reg[15][4]

  Ref  DFF        r:/WORK/SYS_TOP/Reg_File_SYS_TOP/RegFile_reg[15][5]
  Impl DFF        i:/WORK/SYS_TOP/Reg_File_SYS_TOP/RegFile_reg[15][5]

  Ref  DFF        r:/WORK/SYS_TOP/Reg_File_SYS_TOP/RegFile_reg[15][6]
  Impl DFF        i:/WORK/SYS_TOP/Reg_File_SYS_TOP/RegFile_reg[15][6]

  Ref  DFF        r:/WORK/SYS_TOP/Reg_File_SYS_TOP/RegFile_reg[15][7]
  Impl DFF        i:/WORK/SYS_TOP/Reg_File_SYS_TOP/RegFile_reg[15][7]

  Ref  DFF        r:/WORK/SYS_TOP/Reg_File_SYS_TOP/RegFile_reg[1][0]
  Impl DFF        i:/WORK/SYS_TOP/Reg_File_SYS_TOP/RegFile_reg[1][0]

  Ref  DFF        r:/WORK/SYS_TOP/Reg_File_SYS_TOP/RegFile_reg[1][1]
  Impl DFF        i:/WORK/SYS_TOP/Reg_File_SYS_TOP/RegFile_reg[1][1]

  Ref  DFF        r:/WORK/SYS_TOP/Reg_File_SYS_TOP/RegFile_reg[1][2]
  Impl DFF        i:/WORK/SYS_TOP/Reg_File_SYS_TOP/RegFile_reg[1][2]

  Ref  DFF        r:/WORK/SYS_TOP/Reg_File_SYS_TOP/RegFile_reg[1][3]
  Impl DFF        i:/WORK/SYS_TOP/Reg_File_SYS_TOP/RegFile_reg[1][3]

  Ref  DFF        r:/WORK/SYS_TOP/Reg_File_SYS_TOP/RegFile_reg[1][4]
  Impl DFF        i:/WORK/SYS_TOP/Reg_File_SYS_TOP/RegFile_reg[1][4]

  Ref  DFF        r:/WORK/SYS_TOP/Reg_File_SYS_TOP/RegFile_reg[1][5]
  Impl DFF        i:/WORK/SYS_TOP/Reg_File_SYS_TOP/RegFile_reg[1][5]

  Ref  DFF        r:/WORK/SYS_TOP/Reg_File_SYS_TOP/RegFile_reg[1][6]
  Impl DFF        i:/WORK/SYS_TOP/Reg_File_SYS_TOP/RegFile_reg[1][6]

  Ref  DFF        r:/WORK/SYS_TOP/Reg_File_SYS_TOP/RegFile_reg[1][7]
  Impl DFF        i:/WORK/SYS_TOP/Reg_File_SYS_TOP/RegFile_reg[1][7]

  Ref  DFF        r:/WORK/SYS_TOP/Reg_File_SYS_TOP/RegFile_reg[2][0]
  Impl DFF        i:/WORK/SYS_TOP/Reg_File_SYS_TOP/RegFile_reg[2][0]

  Ref  DFF        r:/WORK/SYS_TOP/Reg_File_SYS_TOP/RegFile_reg[2][1]
  Impl DFF        i:/WORK/SYS_TOP/Reg_File_SYS_TOP/RegFile_reg[2][1]

  Ref  DFF        r:/WORK/SYS_TOP/Reg_File_SYS_TOP/RegFile_reg[2][2]
  Impl DFF        i:/WORK/SYS_TOP/Reg_File_SYS_TOP/RegFile_reg[2][2]

  Ref  DFF        r:/WORK/SYS_TOP/Reg_File_SYS_TOP/RegFile_reg[2][3]
  Impl DFF        i:/WORK/SYS_TOP/Reg_File_SYS_TOP/RegFile_reg[2][3]

  Ref  DFF        r:/WORK/SYS_TOP/Reg_File_SYS_TOP/RegFile_reg[2][4]
  Impl DFF        i:/WORK/SYS_TOP/Reg_File_SYS_TOP/RegFile_reg[2][4]

  Ref  DFF        r:/WORK/SYS_TOP/Reg_File_SYS_TOP/RegFile_reg[2][5]
  Impl DFF        i:/WORK/SYS_TOP/Reg_File_SYS_TOP/RegFile_reg[2][5]

  Ref  DFF        r:/WORK/SYS_TOP/Reg_File_SYS_TOP/RegFile_reg[2][6]
  Impl DFF        i:/WORK/SYS_TOP/Reg_File_SYS_TOP/RegFile_reg[2][6]

  Ref  DFF        r:/WORK/SYS_TOP/Reg_File_SYS_TOP/RegFile_reg[2][7]
  Impl DFF        i:/WORK/SYS_TOP/Reg_File_SYS_TOP/RegFile_reg[2][7]

  Ref  DFF        r:/WORK/SYS_TOP/Reg_File_SYS_TOP/RegFile_reg[3][0]
  Impl DFF        i:/WORK/SYS_TOP/Reg_File_SYS_TOP/RegFile_reg[3][0]

  Ref  DFF        r:/WORK/SYS_TOP/Reg_File_SYS_TOP/RegFile_reg[3][1]
  Impl DFF        i:/WORK/SYS_TOP/Reg_File_SYS_TOP/RegFile_reg[3][1]

  Ref  DFF        r:/WORK/SYS_TOP/Reg_File_SYS_TOP/RegFile_reg[3][2]
  Impl DFF        i:/WORK/SYS_TOP/Reg_File_SYS_TOP/RegFile_reg[3][2]

  Ref  DFF        r:/WORK/SYS_TOP/Reg_File_SYS_TOP/RegFile_reg[3][3]
  Impl DFF        i:/WORK/SYS_TOP/Reg_File_SYS_TOP/RegFile_reg[3][3]

  Ref  DFF        r:/WORK/SYS_TOP/Reg_File_SYS_TOP/RegFile_reg[3][4]
  Impl DFF        i:/WORK/SYS_TOP/Reg_File_SYS_TOP/RegFile_reg[3][4]

  Ref  DFF        r:/WORK/SYS_TOP/Reg_File_SYS_TOP/RegFile_reg[3][5]
  Impl DFF        i:/WORK/SYS_TOP/Reg_File_SYS_TOP/RegFile_reg[3][5]

  Ref  DFF        r:/WORK/SYS_TOP/Reg_File_SYS_TOP/RegFile_reg[3][6]
  Impl DFF        i:/WORK/SYS_TOP/Reg_File_SYS_TOP/RegFile_reg[3][6]

  Ref  DFF        r:/WORK/SYS_TOP/Reg_File_SYS_TOP/RegFile_reg[3][7]
  Impl DFF        i:/WORK/SYS_TOP/Reg_File_SYS_TOP/RegFile_reg[3][7]

  Ref  DFF        r:/WORK/SYS_TOP/Reg_File_SYS_TOP/RegFile_reg[4][0]
  Impl DFF        i:/WORK/SYS_TOP/Reg_File_SYS_TOP/RegFile_reg[4][0]

  Ref  DFF        r:/WORK/SYS_TOP/Reg_File_SYS_TOP/RegFile_reg[4][1]
  Impl DFF        i:/WORK/SYS_TOP/Reg_File_SYS_TOP/RegFile_reg[4][1]

  Ref  DFF        r:/WORK/SYS_TOP/Reg_File_SYS_TOP/RegFile_reg[4][2]
  Impl DFF        i:/WORK/SYS_TOP/Reg_File_SYS_TOP/RegFile_reg[4][2]

  Ref  DFF        r:/WORK/SYS_TOP/Reg_File_SYS_TOP/RegFile_reg[4][3]
  Impl DFF        i:/WORK/SYS_TOP/Reg_File_SYS_TOP/RegFile_reg[4][3]

  Ref  DFF        r:/WORK/SYS_TOP/Reg_File_SYS_TOP/RegFile_reg[4][4]
  Impl DFF        i:/WORK/SYS_TOP/Reg_File_SYS_TOP/RegFile_reg[4][4]

  Ref  DFF        r:/WORK/SYS_TOP/Reg_File_SYS_TOP/RegFile_reg[4][5]
  Impl DFF        i:/WORK/SYS_TOP/Reg_File_SYS_TOP/RegFile_reg[4][5]

  Ref  DFF        r:/WORK/SYS_TOP/Reg_File_SYS_TOP/RegFile_reg[4][6]
  Impl DFF        i:/WORK/SYS_TOP/Reg_File_SYS_TOP/RegFile_reg[4][6]

  Ref  DFF        r:/WORK/SYS_TOP/Reg_File_SYS_TOP/RegFile_reg[4][7]
  Impl DFF        i:/WORK/SYS_TOP/Reg_File_SYS_TOP/RegFile_reg[4][7]

  Ref  DFF        r:/WORK/SYS_TOP/Reg_File_SYS_TOP/RegFile_reg[5][0]
  Impl DFF        i:/WORK/SYS_TOP/Reg_File_SYS_TOP/RegFile_reg[5][0]

  Ref  DFF        r:/WORK/SYS_TOP/Reg_File_SYS_TOP/RegFile_reg[5][1]
  Impl DFF        i:/WORK/SYS_TOP/Reg_File_SYS_TOP/RegFile_reg[5][1]

  Ref  DFF        r:/WORK/SYS_TOP/Reg_File_SYS_TOP/RegFile_reg[5][2]
  Impl DFF        i:/WORK/SYS_TOP/Reg_File_SYS_TOP/RegFile_reg[5][2]

  Ref  DFF        r:/WORK/SYS_TOP/Reg_File_SYS_TOP/RegFile_reg[5][3]
  Impl DFF        i:/WORK/SYS_TOP/Reg_File_SYS_TOP/RegFile_reg[5][3]

  Ref  DFF        r:/WORK/SYS_TOP/Reg_File_SYS_TOP/RegFile_reg[5][4]
  Impl DFF        i:/WORK/SYS_TOP/Reg_File_SYS_TOP/RegFile_reg[5][4]

  Ref  DFF        r:/WORK/SYS_TOP/Reg_File_SYS_TOP/RegFile_reg[5][5]
  Impl DFF        i:/WORK/SYS_TOP/Reg_File_SYS_TOP/RegFile_reg[5][5]

  Ref  DFF        r:/WORK/SYS_TOP/Reg_File_SYS_TOP/RegFile_reg[5][6]
  Impl DFF        i:/WORK/SYS_TOP/Reg_File_SYS_TOP/RegFile_reg[5][6]

  Ref  DFF        r:/WORK/SYS_TOP/Reg_File_SYS_TOP/RegFile_reg[5][7]
  Impl DFF        i:/WORK/SYS_TOP/Reg_File_SYS_TOP/RegFile_reg[5][7]

  Ref  DFF        r:/WORK/SYS_TOP/Reg_File_SYS_TOP/RegFile_reg[6][0]
  Impl DFF        i:/WORK/SYS_TOP/Reg_File_SYS_TOP/RegFile_reg[6][0]

  Ref  DFF        r:/WORK/SYS_TOP/Reg_File_SYS_TOP/RegFile_reg[6][1]
  Impl DFF        i:/WORK/SYS_TOP/Reg_File_SYS_TOP/RegFile_reg[6][1]

  Ref  DFF        r:/WORK/SYS_TOP/Reg_File_SYS_TOP/RegFile_reg[6][2]
  Impl DFF        i:/WORK/SYS_TOP/Reg_File_SYS_TOP/RegFile_reg[6][2]

  Ref  DFF        r:/WORK/SYS_TOP/Reg_File_SYS_TOP/RegFile_reg[6][3]
  Impl DFF        i:/WORK/SYS_TOP/Reg_File_SYS_TOP/RegFile_reg[6][3]

  Ref  DFF        r:/WORK/SYS_TOP/Reg_File_SYS_TOP/RegFile_reg[6][4]
  Impl DFF        i:/WORK/SYS_TOP/Reg_File_SYS_TOP/RegFile_reg[6][4]

  Ref  DFF        r:/WORK/SYS_TOP/Reg_File_SYS_TOP/RegFile_reg[6][5]
  Impl DFF        i:/WORK/SYS_TOP/Reg_File_SYS_TOP/RegFile_reg[6][5]

  Ref  DFF        r:/WORK/SYS_TOP/Reg_File_SYS_TOP/RegFile_reg[6][6]
  Impl DFF        i:/WORK/SYS_TOP/Reg_File_SYS_TOP/RegFile_reg[6][6]

  Ref  DFF        r:/WORK/SYS_TOP/Reg_File_SYS_TOP/RegFile_reg[6][7]
  Impl DFF        i:/WORK/SYS_TOP/Reg_File_SYS_TOP/RegFile_reg[6][7]

  Ref  DFF        r:/WORK/SYS_TOP/Reg_File_SYS_TOP/RegFile_reg[7][0]
  Impl DFF        i:/WORK/SYS_TOP/Reg_File_SYS_TOP/RegFile_reg[7][0]

  Ref  DFF        r:/WORK/SYS_TOP/Reg_File_SYS_TOP/RegFile_reg[7][1]
  Impl DFF        i:/WORK/SYS_TOP/Reg_File_SYS_TOP/RegFile_reg[7][1]

  Ref  DFF        r:/WORK/SYS_TOP/Reg_File_SYS_TOP/RegFile_reg[7][2]
  Impl DFF        i:/WORK/SYS_TOP/Reg_File_SYS_TOP/RegFile_reg[7][2]

  Ref  DFF        r:/WORK/SYS_TOP/Reg_File_SYS_TOP/RegFile_reg[7][3]
  Impl DFF        i:/WORK/SYS_TOP/Reg_File_SYS_TOP/RegFile_reg[7][3]

  Ref  DFF        r:/WORK/SYS_TOP/Reg_File_SYS_TOP/RegFile_reg[7][4]
  Impl DFF        i:/WORK/SYS_TOP/Reg_File_SYS_TOP/RegFile_reg[7][4]

  Ref  DFF        r:/WORK/SYS_TOP/Reg_File_SYS_TOP/RegFile_reg[7][5]
  Impl DFF        i:/WORK/SYS_TOP/Reg_File_SYS_TOP/RegFile_reg[7][5]

  Ref  DFF        r:/WORK/SYS_TOP/Reg_File_SYS_TOP/RegFile_reg[7][6]
  Impl DFF        i:/WORK/SYS_TOP/Reg_File_SYS_TOP/RegFile_reg[7][6]

  Ref  DFF        r:/WORK/SYS_TOP/Reg_File_SYS_TOP/RegFile_reg[7][7]
  Impl DFF        i:/WORK/SYS_TOP/Reg_File_SYS_TOP/RegFile_reg[7][7]

  Ref  DFF        r:/WORK/SYS_TOP/Reg_File_SYS_TOP/RegFile_reg[8][0]
  Impl DFF        i:/WORK/SYS_TOP/Reg_File_SYS_TOP/RegFile_reg[8][0]

  Ref  DFF        r:/WORK/SYS_TOP/Reg_File_SYS_TOP/RegFile_reg[8][1]
  Impl DFF        i:/WORK/SYS_TOP/Reg_File_SYS_TOP/RegFile_reg[8][1]

  Ref  DFF        r:/WORK/SYS_TOP/Reg_File_SYS_TOP/RegFile_reg[8][2]
  Impl DFF        i:/WORK/SYS_TOP/Reg_File_SYS_TOP/RegFile_reg[8][2]

  Ref  DFF        r:/WORK/SYS_TOP/Reg_File_SYS_TOP/RegFile_reg[8][3]
  Impl DFF        i:/WORK/SYS_TOP/Reg_File_SYS_TOP/RegFile_reg[8][3]

  Ref  DFF        r:/WORK/SYS_TOP/Reg_File_SYS_TOP/RegFile_reg[8][4]
  Impl DFF        i:/WORK/SYS_TOP/Reg_File_SYS_TOP/RegFile_reg[8][4]

  Ref  DFF        r:/WORK/SYS_TOP/Reg_File_SYS_TOP/RegFile_reg[8][5]
  Impl DFF        i:/WORK/SYS_TOP/Reg_File_SYS_TOP/RegFile_reg[8][5]

  Ref  DFF        r:/WORK/SYS_TOP/Reg_File_SYS_TOP/RegFile_reg[8][6]
  Impl DFF        i:/WORK/SYS_TOP/Reg_File_SYS_TOP/RegFile_reg[8][6]

  Ref  DFF        r:/WORK/SYS_TOP/Reg_File_SYS_TOP/RegFile_reg[8][7]
  Impl DFF        i:/WORK/SYS_TOP/Reg_File_SYS_TOP/RegFile_reg[8][7]

  Ref  DFF        r:/WORK/SYS_TOP/Reg_File_SYS_TOP/RegFile_reg[9][0]
  Impl DFF        i:/WORK/SYS_TOP/Reg_File_SYS_TOP/RegFile_reg[9][0]

  Ref  DFF        r:/WORK/SYS_TOP/Reg_File_SYS_TOP/RegFile_reg[9][1]
  Impl DFF        i:/WORK/SYS_TOP/Reg_File_SYS_TOP/RegFile_reg[9][1]

  Ref  DFF        r:/WORK/SYS_TOP/Reg_File_SYS_TOP/RegFile_reg[9][2]
  Impl DFF        i:/WORK/SYS_TOP/Reg_File_SYS_TOP/RegFile_reg[9][2]

  Ref  DFF        r:/WORK/SYS_TOP/Reg_File_SYS_TOP/RegFile_reg[9][3]
  Impl DFF        i:/WORK/SYS_TOP/Reg_File_SYS_TOP/RegFile_reg[9][3]

  Ref  DFF        r:/WORK/SYS_TOP/Reg_File_SYS_TOP/RegFile_reg[9][4]
  Impl DFF        i:/WORK/SYS_TOP/Reg_File_SYS_TOP/RegFile_reg[9][4]

  Ref  DFF        r:/WORK/SYS_TOP/Reg_File_SYS_TOP/RegFile_reg[9][5]
  Impl DFF        i:/WORK/SYS_TOP/Reg_File_SYS_TOP/RegFile_reg[9][5]

  Ref  DFF        r:/WORK/SYS_TOP/Reg_File_SYS_TOP/RegFile_reg[9][6]
  Impl DFF        i:/WORK/SYS_TOP/Reg_File_SYS_TOP/RegFile_reg[9][6]

  Ref  DFF        r:/WORK/SYS_TOP/Reg_File_SYS_TOP/RegFile_reg[9][7]
  Impl DFF        i:/WORK/SYS_TOP/Reg_File_SYS_TOP/RegFile_reg[9][7]

  Ref  DFF        r:/WORK/SYS_TOP/SYS_CTRL_SYS_TOP/Address_reg[0]
  Impl DFF        i:/WORK/SYS_TOP/SYS_CTRL_SYS_TOP/Address_reg[0]

  Ref  DFF        r:/WORK/SYS_TOP/SYS_CTRL_SYS_TOP/Address_reg[1]
  Impl DFF        i:/WORK/SYS_TOP/SYS_CTRL_SYS_TOP/Address_reg[1]

  Ref  DFF        r:/WORK/SYS_TOP/SYS_CTRL_SYS_TOP/Address_reg[2]
  Impl DFF        i:/WORK/SYS_TOP/SYS_CTRL_SYS_TOP/Address_reg[2]

  Ref  DFF        r:/WORK/SYS_TOP/SYS_CTRL_SYS_TOP/Address_reg[3]
  Impl DFF        i:/WORK/SYS_TOP/SYS_CTRL_SYS_TOP/Address_reg[3]

  Ref  DFF        r:/WORK/SYS_TOP/SYS_CTRL_SYS_TOP/current_state_reg[0]
  Impl DFF        i:/WORK/SYS_TOP/SYS_CTRL_SYS_TOP/current_state_reg[0]

  Ref  DFF        r:/WORK/SYS_TOP/SYS_CTRL_SYS_TOP/current_state_reg[1]
  Impl DFF        i:/WORK/SYS_TOP/SYS_CTRL_SYS_TOP/current_state_reg[1]

  Ref  DFF        r:/WORK/SYS_TOP/SYS_CTRL_SYS_TOP/current_state_reg[2]
  Impl DFF        i:/WORK/SYS_TOP/SYS_CTRL_SYS_TOP/current_state_reg[2]

  Ref  DFF        r:/WORK/SYS_TOP/SYS_CTRL_SYS_TOP/internal_current_state_reg[0]
  Impl DFF        i:/WORK/SYS_TOP/SYS_CTRL_SYS_TOP/internal_current_state_reg[0]

  Ref  DFF        r:/WORK/SYS_TOP/SYS_CTRL_SYS_TOP/internal_current_state_reg[1]
  Impl DFF        i:/WORK/SYS_TOP/SYS_CTRL_SYS_TOP/internal_current_state_reg[1]

  Ref  DFF        r:/WORK/SYS_TOP/SYS_CTRL_SYS_TOP/internal_current_state_reg[2]
  Impl DFF        i:/WORK/SYS_TOP/SYS_CTRL_SYS_TOP/internal_current_state_reg[2]

  Ref  DFF        r:/WORK/SYS_TOP/UART_SYS_TOP/UART_TOP_RX/DATA_SAMPLE_TOP/s_bit1_reg
  Impl DFF        i:/WORK/SYS_TOP/UART_SYS_TOP/UART_TOP_RX/DATA_SAMPLE_TOP/s_bit1_reg

  Ref  DFF        r:/WORK/SYS_TOP/UART_SYS_TOP/UART_TOP_RX/DATA_SAMPLE_TOP/s_bit2_reg
  Impl DFF        i:/WORK/SYS_TOP/UART_SYS_TOP/UART_TOP_RX/DATA_SAMPLE_TOP/s_bit2_reg

  Ref  DFF        r:/WORK/SYS_TOP/UART_SYS_TOP/UART_TOP_RX/DATA_SAMPLE_TOP/s_bit3_reg
  Impl DFF        i:/WORK/SYS_TOP/UART_SYS_TOP/UART_TOP_RX/DATA_SAMPLE_TOP/s_bit3_reg

  Ref  DFF        r:/WORK/SYS_TOP/UART_SYS_TOP/UART_TOP_RX/DATA_SAMPLE_TOP/sampled_bit_reg
  Impl DFF        i:/WORK/SYS_TOP/UART_SYS_TOP/UART_TOP_RX/DATA_SAMPLE_TOP/sampled_bit_reg

  Ref  DFF        r:/WORK/SYS_TOP/UART_SYS_TOP/UART_TOP_RX/DESERIALIZER_TOP/P_DATA_reg[0]
  Impl DFF        i:/WORK/SYS_TOP/UART_SYS_TOP/UART_TOP_RX/DESERIALIZER_TOP/P_DATA_reg[0]

  Ref  DFF        r:/WORK/SYS_TOP/UART_SYS_TOP/UART_TOP_RX/DESERIALIZER_TOP/P_DATA_reg[1]
  Impl DFF        i:/WORK/SYS_TOP/UART_SYS_TOP/UART_TOP_RX/DESERIALIZER_TOP/P_DATA_reg[1]

  Ref  DFF        r:/WORK/SYS_TOP/UART_SYS_TOP/UART_TOP_RX/DESERIALIZER_TOP/P_DATA_reg[2]
  Impl DFF        i:/WORK/SYS_TOP/UART_SYS_TOP/UART_TOP_RX/DESERIALIZER_TOP/P_DATA_reg[2]

  Ref  DFF        r:/WORK/SYS_TOP/UART_SYS_TOP/UART_TOP_RX/DESERIALIZER_TOP/P_DATA_reg[3]
  Impl DFF        i:/WORK/SYS_TOP/UART_SYS_TOP/UART_TOP_RX/DESERIALIZER_TOP/P_DATA_reg[3]

  Ref  DFF        r:/WORK/SYS_TOP/UART_SYS_TOP/UART_TOP_RX/DESERIALIZER_TOP/P_DATA_reg[4]
  Impl DFF        i:/WORK/SYS_TOP/UART_SYS_TOP/UART_TOP_RX/DESERIALIZER_TOP/P_DATA_reg[4]

  Ref  DFF        r:/WORK/SYS_TOP/UART_SYS_TOP/UART_TOP_RX/DESERIALIZER_TOP/P_DATA_reg[5]
  Impl DFF        i:/WORK/SYS_TOP/UART_SYS_TOP/UART_TOP_RX/DESERIALIZER_TOP/P_DATA_reg[5]

  Ref  DFF        r:/WORK/SYS_TOP/UART_SYS_TOP/UART_TOP_RX/DESERIALIZER_TOP/P_DATA_reg[6]
  Impl DFF        i:/WORK/SYS_TOP/UART_SYS_TOP/UART_TOP_RX/DESERIALIZER_TOP/P_DATA_reg[6]

  Ref  DFF        r:/WORK/SYS_TOP/UART_SYS_TOP/UART_TOP_RX/DESERIALIZER_TOP/P_DATA_reg[7]
  Impl DFF        i:/WORK/SYS_TOP/UART_SYS_TOP/UART_TOP_RX/DESERIALIZER_TOP/P_DATA_reg[7]

  Ref  DFF        r:/WORK/SYS_TOP/UART_SYS_TOP/UART_TOP_RX/EDGE_BIT_COUNTER_TOP/bit_cnt_reg[0]
  Impl DFF        i:/WORK/SYS_TOP/UART_SYS_TOP/UART_TOP_RX/EDGE_BIT_COUNTER_TOP/bit_cnt_reg[0]

  Ref  DFF        r:/WORK/SYS_TOP/UART_SYS_TOP/UART_TOP_RX/EDGE_BIT_COUNTER_TOP/bit_cnt_reg[1]
  Impl DFF        i:/WORK/SYS_TOP/UART_SYS_TOP/UART_TOP_RX/EDGE_BIT_COUNTER_TOP/bit_cnt_reg[1]

  Ref  DFF        r:/WORK/SYS_TOP/UART_SYS_TOP/UART_TOP_RX/EDGE_BIT_COUNTER_TOP/bit_cnt_reg[2]
  Impl DFF        i:/WORK/SYS_TOP/UART_SYS_TOP/UART_TOP_RX/EDGE_BIT_COUNTER_TOP/bit_cnt_reg[2]

  Ref  DFF        r:/WORK/SYS_TOP/UART_SYS_TOP/UART_TOP_RX/EDGE_BIT_COUNTER_TOP/bit_cnt_reg[3]
  Impl DFF        i:/WORK/SYS_TOP/UART_SYS_TOP/UART_TOP_RX/EDGE_BIT_COUNTER_TOP/bit_cnt_reg[3]

  Ref  DFF        r:/WORK/SYS_TOP/UART_SYS_TOP/UART_TOP_RX/EDGE_BIT_COUNTER_TOP/edge_cnt_reg[0]
  Impl DFF        i:/WORK/SYS_TOP/UART_SYS_TOP/UART_TOP_RX/EDGE_BIT_COUNTER_TOP/edge_cnt_reg[0]

  Ref  DFF        r:/WORK/SYS_TOP/UART_SYS_TOP/UART_TOP_RX/EDGE_BIT_COUNTER_TOP/edge_cnt_reg[1]
  Impl DFF        i:/WORK/SYS_TOP/UART_SYS_TOP/UART_TOP_RX/EDGE_BIT_COUNTER_TOP/edge_cnt_reg[1]

  Ref  DFF        r:/WORK/SYS_TOP/UART_SYS_TOP/UART_TOP_RX/EDGE_BIT_COUNTER_TOP/edge_cnt_reg[2]
  Impl DFF        i:/WORK/SYS_TOP/UART_SYS_TOP/UART_TOP_RX/EDGE_BIT_COUNTER_TOP/edge_cnt_reg[2]

  Ref  DFF        r:/WORK/SYS_TOP/UART_SYS_TOP/UART_TOP_RX/EDGE_BIT_COUNTER_TOP/edge_cnt_reg[3]
  Impl DFF        i:/WORK/SYS_TOP/UART_SYS_TOP/UART_TOP_RX/EDGE_BIT_COUNTER_TOP/edge_cnt_reg[3]

  Ref  DFF        r:/WORK/SYS_TOP/UART_SYS_TOP/UART_TOP_RX/EDGE_BIT_COUNTER_TOP/edge_cnt_reg[4]
  Impl DFF        i:/WORK/SYS_TOP/UART_SYS_TOP/UART_TOP_RX/EDGE_BIT_COUNTER_TOP/edge_cnt_reg[4]

  Ref  DFF        r:/WORK/SYS_TOP/UART_SYS_TOP/UART_TOP_RX/FSM_UART_RX_TOP/current_state_reg[0]
  Impl DFF        i:/WORK/SYS_TOP/UART_SYS_TOP/UART_TOP_RX/FSM_UART_RX_TOP/current_state_reg[0]

  Ref  DFF        r:/WORK/SYS_TOP/UART_SYS_TOP/UART_TOP_RX/FSM_UART_RX_TOP/current_state_reg[1]
  Impl DFF        i:/WORK/SYS_TOP/UART_SYS_TOP/UART_TOP_RX/FSM_UART_RX_TOP/current_state_reg[1]

  Ref  DFF        r:/WORK/SYS_TOP/UART_SYS_TOP/UART_TOP_RX/FSM_UART_RX_TOP/current_state_reg[2]
  Impl DFF        i:/WORK/SYS_TOP/UART_SYS_TOP/UART_TOP_RX/FSM_UART_RX_TOP/current_state_reg[2]

  Ref  DFF        r:/WORK/SYS_TOP/UART_SYS_TOP/UART_TOP_RX/PARITY_CHECK_TOP/par_err_reg
  Impl DFF        i:/WORK/SYS_TOP/UART_SYS_TOP/UART_TOP_RX/PARITY_CHECK_TOP/par_err_reg

  Ref  DFF        r:/WORK/SYS_TOP/UART_SYS_TOP/UART_TOP_RX/START_CHECK_TOP/strt_glitch_reg
  Impl DFF        i:/WORK/SYS_TOP/UART_SYS_TOP/UART_TOP_RX/START_CHECK_TOP/strt_glitch_reg

  Ref  DFF        r:/WORK/SYS_TOP/UART_SYS_TOP/UART_TOP_RX/STOP_CHECK_TOP/stp_err_reg
  Impl DFF        i:/WORK/SYS_TOP/UART_SYS_TOP/UART_TOP_RX/STOP_CHECK_TOP/stp_err_reg

  Ref  DFF        r:/WORK/SYS_TOP/UART_SYS_TOP/UART_TOP_TX/FSM_UART_TX_TOP/current_state_reg[0]
  Impl DFF        i:/WORK/SYS_TOP/UART_SYS_TOP/UART_TOP_TX/FSM_UART_TX_TOP/current_state_reg[0]

  Ref  DFF        r:/WORK/SYS_TOP/UART_SYS_TOP/UART_TOP_TX/FSM_UART_TX_TOP/current_state_reg[1]
  Impl DFF        i:/WORK/SYS_TOP/UART_SYS_TOP/UART_TOP_TX/FSM_UART_TX_TOP/current_state_reg[1]

  Ref  DFF        r:/WORK/SYS_TOP/UART_SYS_TOP/UART_TOP_TX/FSM_UART_TX_TOP/current_state_reg[2]
  Impl DFF        i:/WORK/SYS_TOP/UART_SYS_TOP/UART_TOP_TX/FSM_UART_TX_TOP/current_state_reg[2]

  Ref  DFF        r:/WORK/SYS_TOP/UART_SYS_TOP/UART_TOP_TX/Parity_Calc_TOP/P_DATA_V_reg[0]
  Impl DFF        i:/WORK/SYS_TOP/UART_SYS_TOP/UART_TOP_TX/Parity_Calc_TOP/P_DATA_V_reg[0]

  Ref  DFF        r:/WORK/SYS_TOP/UART_SYS_TOP/UART_TOP_TX/Parity_Calc_TOP/P_DATA_V_reg[1]
  Impl DFF        i:/WORK/SYS_TOP/UART_SYS_TOP/UART_TOP_TX/Parity_Calc_TOP/P_DATA_V_reg[1]

  Ref  DFF        r:/WORK/SYS_TOP/UART_SYS_TOP/UART_TOP_TX/Parity_Calc_TOP/P_DATA_V_reg[2]
  Impl DFF        i:/WORK/SYS_TOP/UART_SYS_TOP/UART_TOP_TX/Parity_Calc_TOP/P_DATA_V_reg[2]

  Ref  DFF        r:/WORK/SYS_TOP/UART_SYS_TOP/UART_TOP_TX/Parity_Calc_TOP/P_DATA_V_reg[3]
  Impl DFF        i:/WORK/SYS_TOP/UART_SYS_TOP/UART_TOP_TX/Parity_Calc_TOP/P_DATA_V_reg[3]

  Ref  DFF        r:/WORK/SYS_TOP/UART_SYS_TOP/UART_TOP_TX/Parity_Calc_TOP/P_DATA_V_reg[4]
  Impl DFF        i:/WORK/SYS_TOP/UART_SYS_TOP/UART_TOP_TX/Parity_Calc_TOP/P_DATA_V_reg[4]

  Ref  DFF        r:/WORK/SYS_TOP/UART_SYS_TOP/UART_TOP_TX/Parity_Calc_TOP/P_DATA_V_reg[5]
  Impl DFF        i:/WORK/SYS_TOP/UART_SYS_TOP/UART_TOP_TX/Parity_Calc_TOP/P_DATA_V_reg[5]

  Ref  DFF        r:/WORK/SYS_TOP/UART_SYS_TOP/UART_TOP_TX/Parity_Calc_TOP/P_DATA_V_reg[6]
  Impl DFF        i:/WORK/SYS_TOP/UART_SYS_TOP/UART_TOP_TX/Parity_Calc_TOP/P_DATA_V_reg[6]

  Ref  DFF        r:/WORK/SYS_TOP/UART_SYS_TOP/UART_TOP_TX/Parity_Calc_TOP/P_DATA_V_reg[7]
  Impl DFF        i:/WORK/SYS_TOP/UART_SYS_TOP/UART_TOP_TX/Parity_Calc_TOP/P_DATA_V_reg[7]

  Ref  DFF        r:/WORK/SYS_TOP/UART_SYS_TOP/UART_TOP_TX/Parity_Calc_TOP/par_bit_reg
  Impl DFF        i:/WORK/SYS_TOP/UART_SYS_TOP/UART_TOP_TX/Parity_Calc_TOP/par_bit_reg

  Ref  DFF        r:/WORK/SYS_TOP/UART_SYS_TOP/UART_TOP_TX/serializer_TOP/bit_counter_reg[0]
  Impl DFF        i:/WORK/SYS_TOP/UART_SYS_TOP/UART_TOP_TX/serializer_TOP/bit_counter_reg[0]

  Ref  DFF        r:/WORK/SYS_TOP/UART_SYS_TOP/UART_TOP_TX/serializer_TOP/bit_counter_reg[1]
  Impl DFF        i:/WORK/SYS_TOP/UART_SYS_TOP/UART_TOP_TX/serializer_TOP/bit_counter_reg[1]

  Ref  DFF        r:/WORK/SYS_TOP/UART_SYS_TOP/UART_TOP_TX/serializer_TOP/bit_counter_reg[2]
  Impl DFF        i:/WORK/SYS_TOP/UART_SYS_TOP/UART_TOP_TX/serializer_TOP/bit_counter_reg[2]

  Ref  DFF        r:/WORK/SYS_TOP/UART_SYS_TOP/UART_TOP_TX/serializer_TOP/load_reg
  Impl DFF        i:/WORK/SYS_TOP/UART_SYS_TOP/UART_TOP_TX/serializer_TOP/load_reg

  Ref  DFF        r:/WORK/SYS_TOP/UART_SYS_TOP/UART_TOP_TX/serializer_TOP/ser_data_reg
  Impl DFF        i:/WORK/SYS_TOP/UART_SYS_TOP/UART_TOP_TX/serializer_TOP/ser_data_reg

  Ref  DFF        r:/WORK/SYS_TOP/UART_SYS_TOP/UART_TOP_TX/serializer_TOP/ser_done_reg
  Impl DFF        i:/WORK/SYS_TOP/UART_SYS_TOP/UART_TOP_TX/serializer_TOP/ser_done_reg

  Ref  DFF        r:/WORK/SYS_TOP/UART_SYS_TOP/UART_TOP_TX/serializer_TOP/shift_reg_reg[0]
  Impl DFF        i:/WORK/SYS_TOP/UART_SYS_TOP/UART_TOP_TX/serializer_TOP/shift_reg_reg[0]

  Ref  DFF        r:/WORK/SYS_TOP/UART_SYS_TOP/UART_TOP_TX/serializer_TOP/shift_reg_reg[1]
  Impl DFF        i:/WORK/SYS_TOP/UART_SYS_TOP/UART_TOP_TX/serializer_TOP/shift_reg_reg[1]

  Ref  DFF        r:/WORK/SYS_TOP/UART_SYS_TOP/UART_TOP_TX/serializer_TOP/shift_reg_reg[2]
  Impl DFF        i:/WORK/SYS_TOP/UART_SYS_TOP/UART_TOP_TX/serializer_TOP/shift_reg_reg[2]

  Ref  DFF        r:/WORK/SYS_TOP/UART_SYS_TOP/UART_TOP_TX/serializer_TOP/shift_reg_reg[3]
  Impl DFF        i:/WORK/SYS_TOP/UART_SYS_TOP/UART_TOP_TX/serializer_TOP/shift_reg_reg[3]

  Ref  DFF        r:/WORK/SYS_TOP/UART_SYS_TOP/UART_TOP_TX/serializer_TOP/shift_reg_reg[4]
  Impl DFF        i:/WORK/SYS_TOP/UART_SYS_TOP/UART_TOP_TX/serializer_TOP/shift_reg_reg[4]

  Ref  DFF        r:/WORK/SYS_TOP/UART_SYS_TOP/UART_TOP_TX/serializer_TOP/shift_reg_reg[5]
  Impl DFF        i:/WORK/SYS_TOP/UART_SYS_TOP/UART_TOP_TX/serializer_TOP/shift_reg_reg[5]

  Ref  DFF        r:/WORK/SYS_TOP/UART_SYS_TOP/UART_TOP_TX/serializer_TOP/shift_reg_reg[6]
  Impl DFF        i:/WORK/SYS_TOP/UART_SYS_TOP/UART_TOP_TX/serializer_TOP/shift_reg_reg[6]

  Ref  DFF        r:/WORK/SYS_TOP/UART_SYS_TOP/UART_TOP_TX/serializer_TOP/shift_reg_reg[7]
  Impl DFF        i:/WORK/SYS_TOP/UART_SYS_TOP/UART_TOP_TX/serializer_TOP/shift_reg_reg[7]

  Ref  DFF        r:/WORK/SYS_TOP/pulse_gen_SYS_TOP/enable_f_reg
  Impl DFF        i:/WORK/SYS_TOP/pulse_gen_SYS_TOP/enable_f_reg

  Ref  Port       r:/WORK/SYS_TOP/UART_TX_O
  Impl Port       i:/WORK/SYS_TOP/UART_TX_O

  Ref  Port       r:/WORK/SYS_TOP/framing_error
  Impl Port       i:/WORK/SYS_TOP/framing_error

  Ref  Port       r:/WORK/SYS_TOP/parity_error
  Impl Port       i:/WORK/SYS_TOP/parity_error

 [BBNet: multiply-driven net
  BBPin: black-box pin
  Cut:   cut-point
  DFF:   non-constant DFF register
  DFF0:  constant 0 DFF register
  DFF1:  constant 1 DFF register
  DFFX:  constant X DFF register
  DFF0X: constrained 0X DFF register
  DFF1X: constrained 1X DFF register
  LAT:   non-constant latch register
  LAT0:  constant 0 latch register
  LAT1:  constant 1 latch register
  LATX:  constant X latch register
  LAT0X: constrained 0X latch register
  LAT1X: constrained 1X latch register
  LATCG: clock-gating latch register
  TLA:   transparent latch register
  TLA0X: transparent constrained 0X latch register
  TLA1X: transparent constrained 1X latch register
  Loop:  cycle break point
  Port:  primary (top-level) port
  Und:   undriven signal cut-point
  Unk:   unknown signal cut-point]

1
